edge: { sourcename: "hal__real_time_clock__Trtc_deviceCFD"
  targetname: "-9:hal__real_time_clock__rtc_device,hal__real_time_clock__rtc_device"
  label: "hal-real_time_clock.ads:79:9"
}
class {
  classname: "hal__real_time_clock__rtc_device"
  label: "hal__real_time_clock__rtc_device\hal-real_time_clock.ads:79:9"
  virtuals: "1:hal__real_time_clock__set\n
             2:hal__real_time_clock__get\n
             3:hal__real_time_clock__get_time\n
             4:hal__real_time_clock__get_date\n
             -1:hal__real_time_clock___size\n
             -2:hal__real_time_clock__rtc_deviceSR\n
             -3:hal__real_time_clock__rtc_deviceSW\n
             -4:hal__real_time_clock__rtc_deviceSI\n
             -5:hal__real_time_clock__rtc_deviceSO\n
             -9:hal__real_time_clock__rtc_deviceDF"
}
graph: { title: "/home/silvanosky/epita/ing3/ada/Adarrose/adarrose/Ada_Drivers_Library/repo/hal/src/hal-real_time_clock.ads"
node: { title: "_Unwind_Resume" label: "builtin_unwind_resume\n<built-in>" shape : ellipse }
node: { title: "ada__tags__register_tag" label: "Register_Tag\n/home/silvanosky/opt/GNAT/2019-arm-elf/arm-eabi/lib/gnat/ravenscar-full-stm32f429disco/gnat/a-tags.ads:552:14" shape : ellipse }
node: { title: "ada__tags__check_tsd" label: "Check_Tsd\n/home/silvanosky/opt/GNAT/2019-arm-elf/arm-eabi/lib/gnat/ravenscar-full-stm32f429disco/gnat/a-tags.ads:465:14" shape : ellipse }
node: { title: "system__finalization_masters__set_finalize_address" label: "Set_Finalize_Address\n/home/silvanosky/opt/GNAT/2019-arm-elf/arm-eabi/lib/gnat/ravenscar-full-stm32f429disco/gnat/s-finmas.ads:126:14" shape : ellipse }
node: { title: "system__finalization_masters__set_base_pool" label: "Set_Base_Pool\n/home/silvanosky/opt/GNAT/2019-arm-elf/arm-eabi/lib/gnat/ravenscar-full-stm32f429disco/gnat/s-finmas.ads:201:14" shape : ellipse }
node: { title: "system__finalization_masters__initialize__2" label: "Initialize\n/home/silvanosky/opt/GNAT/2019-arm-elf/arm-eabi/lib/gnat/ravenscar-full-stm32f429disco/gnat/s-finmas.ads:198:25" shape : ellipse }
node: { title: "system__finalization_masters__finalization_masterIP" label: "Finalization_Masterip\n/home/silvanosky/opt/GNAT/2019-arm-elf/arm-eabi/lib/gnat/ravenscar-full-stm32f429disco/gnat/s-finmas.ads:161:9" shape : ellipse }
node: { title: "__gnat_end_handler" label: "gnat_end_handler\n<built-in>" shape : ellipse }
node: { title: "__gnat_begin_handler" label: "gnat_begin_handler\n<built-in>" shape : ellipse }
node: { title: "system__finalization_masters__finalize" label: "Finalize\n/home/silvanosky/opt/GNAT/2019-arm-elf/arm-eabi/lib/gnat/ravenscar-full-stm32f429disco/gnat/s-finmas.ads:96:25" shape : ellipse }
node: { title: "__gnat_rcheck_CE_Invalid_Data" label: "gnat_rcheck_CE_Invalid_Data\n<built-in>" shape : ellipse }
node: { title: "hal__real_time_clock___elabs" label: "REAL_TIME_CLOCK\n/home/silvanosky/epita/ing3/ada/Adarrose/adarrose/Ada_Drivers_Library/repo/hal/src/hal-real_time_clock.ads:32:1\n8 bytes (static)" }
edge: { sourcename: "hal__real_time_clock___elabs" targetname: "ada__tags__register_tag" label: "/home/silvanosky/epita/ing3/ada/Adarrose/adarrose/Ada_Drivers_Library/repo/hal/src/hal-real_time_clock.ads:79:9" }
edge: { sourcename: "hal__real_time_clock___elabs" targetname: "ada__tags__check_tsd" label: "/home/silvanosky/epita/ing3/ada/Adarrose/adarrose/Ada_Drivers_Library/repo/hal/src/hal-real_time_clock.ads:79:9" }
edge: { sourcename: "hal__real_time_clock___elabs" targetname: "system__finalization_masters__set_finalize_address" label: "/home/silvanosky/epita/ing3/ada/Adarrose/adarrose/Ada_Drivers_Library/repo/hal/src/hal-real_time_clock.ads:80:9" }
edge: { sourcename: "hal__real_time_clock___elabs" targetname: "system__finalization_masters__set_base_pool" label: "/home/silvanosky/epita/ing3/ada/Adarrose/adarrose/Ada_Drivers_Library/repo/hal/src/hal-real_time_clock.ads:80:9" }
edge: { sourcename: "hal__real_time_clock___elabs" targetname: "system__finalization_masters__initialize__2" label: "/home/silvanosky/epita/ing3/ada/Adarrose/adarrose/Ada_Drivers_Library/repo/hal/src/hal-real_time_clock.ads:80:9" }
edge: { sourcename: "hal__real_time_clock___elabs" targetname: "system__finalization_masters__finalization_masterIP" label: "/home/silvanosky/epita/ing3/ada/Adarrose/adarrose/Ada_Drivers_Library/repo/hal/src/hal-real_time_clock.ads:80:9" }
node: { title: "hal__real_time_clock__finalize_spec" label: "FINALIZE_SPEC\n/home/silvanosky/epita/ing3/ada/Adarrose/adarrose/Ada_Drivers_Library/repo/hal/src/hal-real_time_clock.ads:32:1\n16 bytes (static)" }
edge: { sourcename: "hal__real_time_clock__finalize_spec" targetname: "__gnat_end_handler" label: "/home/silvanosky/epita/ing3/ada/Adarrose/adarrose/Ada_Drivers_Library/repo/hal/src/hal-real_time_clock.ads:32:1" }
edge: { sourcename: "hal__real_time_clock__finalize_spec" targetname: "__gnat_begin_handler" label: "/home/silvanosky/epita/ing3/ada/Adarrose/adarrose/Ada_Drivers_Library/repo/hal/src/hal-real_time_clock.ads:32:1" }
edge: { sourcename: "hal__real_time_clock__finalize_spec" targetname: "_Unwind_Resume" }
edge: { sourcename: "hal__real_time_clock__finalize_spec" targetname: "system__finalization_masters__finalize" label: "/home/silvanosky/epita/ing3/ada/Adarrose/adarrose/Ada_Drivers_Library/repo/hal/src/hal-real_time_clock.ads:80:9" }
node: { title: "hal__real_time_clock__Trtc_deviceCFD" label: "TRTC_DEVICECFD\n/home/silvanosky/epita/ing3/ada/Adarrose/adarrose/Ada_Drivers_Library/repo/hal/src/hal-real_time_clock.ads:79:9\n32 bytes (static)" }
edge: { sourcename: "hal__real_time_clock__Trtc_deviceCFD" targetname: "__indirect_call" label: "/home/silvanosky/epita/ing3/ada/Adarrose/adarrose/Ada_Drivers_Library/repo/hal/src/hal-real_time_clock.ads:79:9" }
node: { title: "__indirect_call" label: "Indirect Call Placeholder" shape : ellipse }
node: { title: "hal__real_time_clock__rtc_dateIP" label: "RTC_DATEIP\n/home/silvanosky/epita/ing3/ada/Adarrose/adarrose/Ada_Drivers_Library/repo/hal/src/hal-real_time_clock.ads:51:9\n16 bytes (static)" }
node: { title: "hal__real_time_clock__rtc_day_of_weekRP" label: "RTC_DAY_OF_WEEKRP\n/home/silvanosky/epita/ing3/ada/Adarrose/adarrose/Ada_Drivers_Library/repo/hal/src/hal-real_time_clock.ads:46:9\n16 bytes (static)" }
edge: { sourcename: "hal__real_time_clock__rtc_day_of_weekRP" targetname: "__gnat_rcheck_CE_Invalid_Data" label: "/home/silvanosky/epita/ing3/ada/Adarrose/adarrose/Ada_Drivers_Library/repo/hal/src/hal-real_time_clock.ads:46:9" }
node: { title: "hal__real_time_clock__rtc_monthRP" label: "RTC_MONTHRP\n/home/silvanosky/epita/ing3/ada/Adarrose/adarrose/Ada_Drivers_Library/repo/hal/src/hal-real_time_clock.ads:44:9\n16 bytes (static)" }
edge: { sourcename: "hal__real_time_clock__rtc_monthRP" targetname: "__gnat_rcheck_CE_Invalid_Data" label: "/home/silvanosky/epita/ing3/ada/Adarrose/adarrose/Ada_Drivers_Library/repo/hal/src/hal-real_time_clock.ads:44:9" }
node: { title: "hal__real_time_clock__rtc_timeIP" label: "RTC_TIMEIP\n/home/silvanosky/epita/ing3/ada/Adarrose/adarrose/Ada_Drivers_Library/repo/hal/src/hal-real_time_clock.ads:38:9\n16 bytes (static)" }
}
