graph: { title: "/home/silvanosky/epita/ing3/ada/Adarrose/adarrose/Ada_Drivers_Library/repo/hal/src/hal.ads"
node: { title: "hal__uint32_arrayIP" label: "UINT32_ARRAYIP\n/home/silvanosky/epita/ing3/ada/Adarrose/adarrose/Ada_Drivers_Library/repo/hal/src/hal.ads:164:9\n16 bytes (static)" }
node: { title: "hal__uint16_arrayIP" label: "UINT16_ARRAYIP\n/home/silvanosky/epita/ing3/ada/Adarrose/adarrose/Ada_Drivers_Library/repo/hal/src/hal.ads:163:9\n16 bytes (static)" }
node: { title: "hal__uint8_arrayIP" label: "UINT8_ARRAYIP\n/home/silvanosky/epita/ing3/ada/Adarrose/adarrose/Ada_Drivers_Library/repo/hal/src/hal.ads:162:9\n16 bytes (static)" }
}
