edge: { sourcename: "lis3dsh__Tthree_axis_accelerometerCFD"
  targetname: "-9:lis3dsh__three_axis_accelerometer,lis3dsh__three_axis_accelerometer"
  label: "lis3dsh.ads:51:9"
}
class {
  classname: "lis3dsh__three_axis_accelerometer"
  label: "lis3dsh__three_axis_accelerometer\lis3dsh.ads:51:9"
  parent: "lis3dsh__three_axis_accelerometer"
  virtuals: "1:lis3dsh__get_accelerations\n
             2:lis3dsh__device_id\n
             3:lis3dsh__configure\n
             4:lis3dsh__set_full_scale\n
             5:lis3dsh__set_low_power\n
             6:lis3dsh__set_data_rate\n
             7:lis3dsh__selected_sensitivity\n
             8:lis3dsh__reboot\n
             9:lis3dsh__configure_interrupts\n
             10:lis3dsh__configure_click_interrupt\n
             11:lis3dsh__temperature\n
             12:lis3dsh__configured\n
             13:lis3dsh__io_write\n
             14:lis3dsh__io_read\n
             -1:lis3dsh___size\n
             -9:lis3dsh__three_axis_accelerometerDF"
}
edge: { sourcename: "lis3dsh__loc_io_write"
  targetname: "13:lis3dsh__three_axis_accelerometer,lis3dsh__three_axis_accelerometer"
  label: "lis3dsh.adb:78:7"
}
edge: { sourcename: "lis3dsh__loc_io_read"
  targetname: "14:lis3dsh__three_axis_accelerometer,lis3dsh__three_axis_accelerometer"
  label: "lis3dsh.adb:93:7"
}
graph: { title: "/home/silvanosky/epita/ing3/ada/Adarrose/adarrose/Ada_Drivers_Library/repo/components/src/motion/lis3dsh/lis3dsh.adb"
node: { title: "ada__tags__register_tag" label: "Register_Tag\n/home/silvanosky/opt/GNAT/2019-arm-elf/arm-eabi/lib/gnat/ravenscar-full-stm32f429disco/gnat/a-tags.ads:552:14" shape : ellipse }
node: { title: "ada__tags__check_tsd" label: "Check_Tsd\n/home/silvanosky/opt/GNAT/2019-arm-elf/arm-eabi/lib/gnat/ravenscar-full-stm32f429disco/gnat/a-tags.ads:465:14" shape : ellipse }
node: { title: "__gnat_rcheck_CE_Range_Check" label: "gnat_rcheck_CE_Range_Check\n<built-in>" shape : ellipse }
node: { title: "__gnat_rcheck_CE_Overflow_Check" label: "gnat_rcheck_CE_Overflow_Check\n<built-in>" shape : ellipse }
node: { title: "system__assertions__raise_assert_failure" label: "Raise_Assert_Failure\n/home/silvanosky/opt/GNAT/2019-arm-elf/arm-eabi/lib/gnat/ravenscar-full-stm32f429disco/gnat/s-assert.ads:46:14" shape : ellipse }
node: { title: "__gnat_rcheck_PE_Access_Before_Elaboration" label: "gnat_rcheck_PE_Access_Before_Elaboration\n<built-in>" shape : ellipse }
node: { title: "__gnat_rcheck_CE_Invalid_Data" label: "gnat_rcheck_CE_Invalid_Data\n<built-in>" shape : ellipse }
node: { title: "lis3dsh___elabs" label: "LIS3DSH\n/home/silvanosky/epita/ing3/ada/Adarrose/adarrose/Ada_Drivers_Library/repo/components/src/motion/lis3dsh/lis3dsh.ads:49:1\n8 bytes (static)" }
edge: { sourcename: "lis3dsh___elabs" targetname: "ada__tags__register_tag" label: "/home/silvanosky/epita/ing3/ada/Adarrose/adarrose/Ada_Drivers_Library/repo/components/src/motion/lis3dsh/lis3dsh.ads:288:9" }
edge: { sourcename: "lis3dsh___elabs" targetname: "ada__tags__check_tsd" label: "/home/silvanosky/epita/ing3/ada/Adarrose/adarrose/Ada_Drivers_Library/repo/components/src/motion/lis3dsh/lis3dsh.ads:288:9" }
node: { title: "lis3dsh___elabb" label: "LIS3DSH\n/home/silvanosky/epita/ing3/ada/Adarrose/adarrose/Ada_Drivers_Library/repo/components/src/motion/lis3dsh/lis3dsh.adb:47:1\n4 bytes (static)" }
node: { title: "lis3dsh__temperature" label: "TEMPERATURE\n/home/silvanosky/epita/ing3/ada/Adarrose/adarrose/Ada_Drivers_Library/repo/components/src/motion/lis3dsh/lis3dsh.adb:378:4\n32 bytes (static)" }
edge: { sourcename: "lis3dsh__temperature" targetname: "__indirect_call" label: "/home/silvanosky/epita/ing3/ada/Adarrose/adarrose/Ada_Drivers_Library/repo/components/src/motion/lis3dsh/lis3dsh.adb:93:7" }
node: { title: "__indirect_call" label: "Indirect Call Placeholder" shape : ellipse }
edge: { sourcename: "lis3dsh__temperature" targetname: "__gnat_rcheck_PE_Access_Before_Elaboration" label: "/home/silvanosky/epita/ing3/ada/Adarrose/adarrose/Ada_Drivers_Library/repo/components/src/motion/lis3dsh/lis3dsh.adb:378:4" }
node: { title: "lis3dsh__selected_sensitivity" label: "SELECTED_SENSITIVITY\n/home/silvanosky/epita/ing3/ada/Adarrose/adarrose/Ada_Drivers_Library/repo/components/src/motion/lis3dsh/lis3dsh.adb:354:4\n40 bytes (static)" }
edge: { sourcename: "lis3dsh__selected_sensitivity" targetname: "__gnat_rcheck_CE_Invalid_Data" label: "/home/silvanosky/epita/ing3/ada/Adarrose/adarrose/Ada_Drivers_Library/repo/components/src/motion/lis3dsh/lis3dsh.adb:360:33" }
edge: { sourcename: "lis3dsh__selected_sensitivity" targetname: "lis3dsh__full_scale_selectionRP" label: "/home/silvanosky/epita/ing3/ada/Adarrose/adarrose/Ada_Drivers_Library/repo/components/src/motion/lis3dsh/lis3dsh.adb:360:33" }
edge: { sourcename: "lis3dsh__selected_sensitivity" targetname: "__indirect_call" label: "/home/silvanosky/epita/ing3/ada/Adarrose/adarrose/Ada_Drivers_Library/repo/components/src/motion/lis3dsh/lis3dsh.adb:93:7" }
edge: { sourcename: "lis3dsh__selected_sensitivity" targetname: "system__assertions__raise_assert_failure" label: "/home/silvanosky/epita/ing3/ada/Adarrose/adarrose/Ada_Drivers_Library/repo/components/src/motion/lis3dsh/lis3dsh.ads:199:18" }
edge: { sourcename: "lis3dsh__selected_sensitivity" targetname: "lis3dsh__configured" label: "/home/silvanosky/epita/ing3/ada/Adarrose/adarrose/Ada_Drivers_Library/repo/components/src/motion/lis3dsh/lis3dsh.ads:199:18" }
edge: { sourcename: "lis3dsh__selected_sensitivity" targetname: "__gnat_rcheck_PE_Access_Before_Elaboration" label: "/home/silvanosky/epita/ing3/ada/Adarrose/adarrose/Ada_Drivers_Library/repo/components/src/motion/lis3dsh/lis3dsh.adb:354:4" }
node: { title: "lis3dsh__set_full_scale" label: "SET_FULL_SCALE\n/home/silvanosky/epita/ing3/ada/Adarrose/adarrose/Ada_Drivers_Library/repo/components/src/motion/lis3dsh/lis3dsh.adb:331:4\n48 bytes (static)" }
edge: { sourcename: "lis3dsh__set_full_scale" targetname: "__indirect_call" label: "/home/silvanosky/epita/ing3/ada/Adarrose/adarrose/Ada_Drivers_Library/repo/components/src/motion/lis3dsh/lis3dsh.adb:78:7" }
edge: { sourcename: "lis3dsh__set_full_scale" targetname: "__indirect_call" label: "/home/silvanosky/epita/ing3/ada/Adarrose/adarrose/Ada_Drivers_Library/repo/components/src/motion/lis3dsh/lis3dsh.adb:93:7" }
edge: { sourcename: "lis3dsh__set_full_scale" targetname: "system__assertions__raise_assert_failure" label: "/home/silvanosky/epita/ing3/ada/Adarrose/adarrose/Ada_Drivers_Library/repo/components/src/motion/lis3dsh/lis3dsh.ads:186:18" }
edge: { sourcename: "lis3dsh__set_full_scale" targetname: "lis3dsh__configured" label: "/home/silvanosky/epita/ing3/ada/Adarrose/adarrose/Ada_Drivers_Library/repo/components/src/motion/lis3dsh/lis3dsh.ads:186:18" }
edge: { sourcename: "lis3dsh__set_full_scale" targetname: "__gnat_rcheck_PE_Access_Before_Elaboration" label: "/home/silvanosky/epita/ing3/ada/Adarrose/adarrose/Ada_Drivers_Library/repo/components/src/motion/lis3dsh/lis3dsh.adb:331:4" }
node: { title: "lis3dsh__set_data_rate" label: "SET_DATA_RATE\n/home/silvanosky/epita/ing3/ada/Adarrose/adarrose/Ada_Drivers_Library/repo/components/src/motion/lis3dsh/lis3dsh.adb:315:4\n48 bytes (static)" }
edge: { sourcename: "lis3dsh__set_data_rate" targetname: "__indirect_call" label: "/home/silvanosky/epita/ing3/ada/Adarrose/adarrose/Ada_Drivers_Library/repo/components/src/motion/lis3dsh/lis3dsh.adb:78:7" }
edge: { sourcename: "lis3dsh__set_data_rate" targetname: "__indirect_call" label: "/home/silvanosky/epita/ing3/ada/Adarrose/adarrose/Ada_Drivers_Library/repo/components/src/motion/lis3dsh/lis3dsh.adb:93:7" }
edge: { sourcename: "lis3dsh__set_data_rate" targetname: "system__assertions__raise_assert_failure" label: "/home/silvanosky/epita/ing3/ada/Adarrose/adarrose/Ada_Drivers_Library/repo/components/src/motion/lis3dsh/lis3dsh.ads:196:18" }
edge: { sourcename: "lis3dsh__set_data_rate" targetname: "lis3dsh__configured" label: "/home/silvanosky/epita/ing3/ada/Adarrose/adarrose/Ada_Drivers_Library/repo/components/src/motion/lis3dsh/lis3dsh.ads:196:18" }
edge: { sourcename: "lis3dsh__set_data_rate" targetname: "__gnat_rcheck_PE_Access_Before_Elaboration" label: "/home/silvanosky/epita/ing3/ada/Adarrose/adarrose/Ada_Drivers_Library/repo/components/src/motion/lis3dsh/lis3dsh.adb:315:4" }
node: { title: "lis3dsh__set_low_power" label: "SET_LOW_POWER\n/home/silvanosky/epita/ing3/ada/Adarrose/adarrose/Ada_Drivers_Library/repo/components/src/motion/lis3dsh/lis3dsh.adb:299:4\n48 bytes (static)" }
edge: { sourcename: "lis3dsh__set_low_power" targetname: "__indirect_call" label: "/home/silvanosky/epita/ing3/ada/Adarrose/adarrose/Ada_Drivers_Library/repo/components/src/motion/lis3dsh/lis3dsh.adb:78:7" }
edge: { sourcename: "lis3dsh__set_low_power" targetname: "__indirect_call" label: "/home/silvanosky/epita/ing3/ada/Adarrose/adarrose/Ada_Drivers_Library/repo/components/src/motion/lis3dsh/lis3dsh.adb:93:7" }
edge: { sourcename: "lis3dsh__set_low_power" targetname: "system__assertions__raise_assert_failure" label: "/home/silvanosky/epita/ing3/ada/Adarrose/adarrose/Ada_Drivers_Library/repo/components/src/motion/lis3dsh/lis3dsh.ads:191:18" }
edge: { sourcename: "lis3dsh__set_low_power" targetname: "lis3dsh__configured" label: "/home/silvanosky/epita/ing3/ada/Adarrose/adarrose/Ada_Drivers_Library/repo/components/src/motion/lis3dsh/lis3dsh.ads:191:18" }
edge: { sourcename: "lis3dsh__set_low_power" targetname: "__gnat_rcheck_PE_Access_Before_Elaboration" label: "/home/silvanosky/epita/ing3/ada/Adarrose/adarrose/Ada_Drivers_Library/repo/components/src/motion/lis3dsh/lis3dsh.adb:299:4" }
node: { title: "lis3dsh__configure_click_interrupt" label: "CONFIGURE_CLICK_INTERRUPT\n/home/silvanosky/epita/ing3/ada/Adarrose/adarrose/Ada_Drivers_Library/repo/components/src/motion/lis3dsh/lis3dsh.adb:263:4\n88 bytes (static)" }
edge: { sourcename: "lis3dsh__configure_click_interrupt" targetname: "__indirect_call" label: "/home/silvanosky/epita/ing3/ada/Adarrose/adarrose/Ada_Drivers_Library/repo/components/src/motion/lis3dsh/lis3dsh.adb:78:7" }
edge: { sourcename: "lis3dsh__configure_click_interrupt" targetname: "__indirect_call" label: "/home/silvanosky/epita/ing3/ada/Adarrose/adarrose/Ada_Drivers_Library/repo/components/src/motion/lis3dsh/lis3dsh.adb:78:7" }
edge: { sourcename: "lis3dsh__configure_click_interrupt" targetname: "__indirect_call" label: "/home/silvanosky/epita/ing3/ada/Adarrose/adarrose/Ada_Drivers_Library/repo/components/src/motion/lis3dsh/lis3dsh.adb:78:7" }
edge: { sourcename: "lis3dsh__configure_click_interrupt" targetname: "__indirect_call" label: "/home/silvanosky/epita/ing3/ada/Adarrose/adarrose/Ada_Drivers_Library/repo/components/src/motion/lis3dsh/lis3dsh.adb:78:7" }
edge: { sourcename: "lis3dsh__configure_click_interrupt" targetname: "__indirect_call" label: "/home/silvanosky/epita/ing3/ada/Adarrose/adarrose/Ada_Drivers_Library/repo/components/src/motion/lis3dsh/lis3dsh.adb:78:7" }
edge: { sourcename: "lis3dsh__configure_click_interrupt" targetname: "__indirect_call" label: "/home/silvanosky/epita/ing3/ada/Adarrose/adarrose/Ada_Drivers_Library/repo/components/src/motion/lis3dsh/lis3dsh.adb:78:7" }
edge: { sourcename: "lis3dsh__configure_click_interrupt" targetname: "__indirect_call" label: "/home/silvanosky/epita/ing3/ada/Adarrose/adarrose/Ada_Drivers_Library/repo/components/src/motion/lis3dsh/lis3dsh.adb:78:7" }
edge: { sourcename: "lis3dsh__configure_click_interrupt" targetname: "__indirect_call" label: "/home/silvanosky/epita/ing3/ada/Adarrose/adarrose/Ada_Drivers_Library/repo/components/src/motion/lis3dsh/lis3dsh.adb:78:7" }
edge: { sourcename: "lis3dsh__configure_click_interrupt" targetname: "__indirect_call" label: "/home/silvanosky/epita/ing3/ada/Adarrose/adarrose/Ada_Drivers_Library/repo/components/src/motion/lis3dsh/lis3dsh.adb:78:7" }
edge: { sourcename: "lis3dsh__configure_click_interrupt" targetname: "__indirect_call" label: "/home/silvanosky/epita/ing3/ada/Adarrose/adarrose/Ada_Drivers_Library/repo/components/src/motion/lis3dsh/lis3dsh.adb:78:7" }
edge: { sourcename: "lis3dsh__configure_click_interrupt" targetname: "__indirect_call" label: "/home/silvanosky/epita/ing3/ada/Adarrose/adarrose/Ada_Drivers_Library/repo/components/src/motion/lis3dsh/lis3dsh.adb:78:7" }
edge: { sourcename: "lis3dsh__configure_click_interrupt" targetname: "lis3dsh__configure_interrupts" label: "/home/silvanosky/epita/ing3/ada/Adarrose/adarrose/Ada_Drivers_Library/repo/components/src/motion/lis3dsh/lis3dsh.adb:268:7" }
edge: { sourcename: "lis3dsh__configure_click_interrupt" targetname: "system__assertions__raise_assert_failure" label: "/home/silvanosky/epita/ing3/ada/Adarrose/adarrose/Ada_Drivers_Library/repo/components/src/motion/lis3dsh/lis3dsh.ads:262:18" }
edge: { sourcename: "lis3dsh__configure_click_interrupt" targetname: "lis3dsh__configured" label: "/home/silvanosky/epita/ing3/ada/Adarrose/adarrose/Ada_Drivers_Library/repo/components/src/motion/lis3dsh/lis3dsh.ads:262:18" }
edge: { sourcename: "lis3dsh__configure_click_interrupt" targetname: "__gnat_rcheck_PE_Access_Before_Elaboration" label: "/home/silvanosky/epita/ing3/ada/Adarrose/adarrose/Ada_Drivers_Library/repo/components/src/motion/lis3dsh/lis3dsh.adb:263:4" }
node: { title: "lis3dsh__configure_interrupts" label: "CONFIGURE_INTERRUPTS\n/home/silvanosky/epita/ing3/ada/Adarrose/adarrose/Ada_Drivers_Library/repo/components/src/motion/lis3dsh/lis3dsh.adb:228:4\n56 bytes (static)" }
edge: { sourcename: "lis3dsh__configure_interrupts" targetname: "__indirect_call" label: "/home/silvanosky/epita/ing3/ada/Adarrose/adarrose/Ada_Drivers_Library/repo/components/src/motion/lis3dsh/lis3dsh.adb:78:7" }
edge: { sourcename: "lis3dsh__configure_interrupts" targetname: "__indirect_call" label: "/home/silvanosky/epita/ing3/ada/Adarrose/adarrose/Ada_Drivers_Library/repo/components/src/motion/lis3dsh/lis3dsh.adb:78:7" }
edge: { sourcename: "lis3dsh__configure_interrupts" targetname: "__indirect_call" label: "/home/silvanosky/epita/ing3/ada/Adarrose/adarrose/Ada_Drivers_Library/repo/components/src/motion/lis3dsh/lis3dsh.adb:78:7" }
edge: { sourcename: "lis3dsh__configure_interrupts" targetname: "system__assertions__raise_assert_failure" label: "/home/silvanosky/epita/ing3/ada/Adarrose/adarrose/Ada_Drivers_Library/repo/components/src/motion/lis3dsh/lis3dsh.ads:259:18" }
edge: { sourcename: "lis3dsh__configure_interrupts" targetname: "lis3dsh__configured" label: "/home/silvanosky/epita/ing3/ada/Adarrose/adarrose/Ada_Drivers_Library/repo/components/src/motion/lis3dsh/lis3dsh.ads:259:18" }
edge: { sourcename: "lis3dsh__configure_interrupts" targetname: "__gnat_rcheck_PE_Access_Before_Elaboration" label: "/home/silvanosky/epita/ing3/ada/Adarrose/adarrose/Ada_Drivers_Library/repo/components/src/motion/lis3dsh/lis3dsh.adb:228:4" }
node: { title: "lis3dsh__reboot" label: "REBOOT\n/home/silvanosky/epita/ing3/ada/Adarrose/adarrose/Ada_Drivers_Library/repo/components/src/motion/lis3dsh/lis3dsh.adb:215:4\n40 bytes (static)" }
edge: { sourcename: "lis3dsh__reboot" targetname: "__indirect_call" label: "/home/silvanosky/epita/ing3/ada/Adarrose/adarrose/Ada_Drivers_Library/repo/components/src/motion/lis3dsh/lis3dsh.adb:78:7" }
edge: { sourcename: "lis3dsh__reboot" targetname: "__indirect_call" label: "/home/silvanosky/epita/ing3/ada/Adarrose/adarrose/Ada_Drivers_Library/repo/components/src/motion/lis3dsh/lis3dsh.adb:93:7" }
edge: { sourcename: "lis3dsh__reboot" targetname: "__gnat_rcheck_PE_Access_Before_Elaboration" label: "/home/silvanosky/epita/ing3/ada/Adarrose/adarrose/Ada_Drivers_Library/repo/components/src/motion/lis3dsh/lis3dsh.adb:215:4" }
node: { title: "lis3dsh__device_id" label: "DEVICE_ID\n/home/silvanosky/epita/ing3/ada/Adarrose/adarrose/Ada_Drivers_Library/repo/components/src/motion/lis3dsh/lis3dsh.adb:204:4\n32 bytes (static)" }
edge: { sourcename: "lis3dsh__device_id" targetname: "__indirect_call" label: "/home/silvanosky/epita/ing3/ada/Adarrose/adarrose/Ada_Drivers_Library/repo/components/src/motion/lis3dsh/lis3dsh.adb:93:7" }
edge: { sourcename: "lis3dsh__device_id" targetname: "__gnat_rcheck_PE_Access_Before_Elaboration" label: "/home/silvanosky/epita/ing3/ada/Adarrose/adarrose/Ada_Drivers_Library/repo/components/src/motion/lis3dsh/lis3dsh.adb:204:4" }
node: { title: "lis3dsh__configure" label: "CONFIGURE\n/home/silvanosky/epita/ing3/ada/Adarrose/adarrose/Ada_Drivers_Library/repo/components/src/motion/lis3dsh/lis3dsh.adb:159:4\n48 bytes (static)" }
edge: { sourcename: "lis3dsh__configure" targetname: "/home/silvanosky/epita/ing3/ada/Adarrose/adarrose/Ada_Drivers_Library/repo/components/src/motion/lis3dsh/lis3dsh.adb:lis3dsh__configure___postconditions.7162" label: "/home/silvanosky/epita/ing3/ada/Adarrose/adarrose/Ada_Drivers_Library/repo/components/src/motion/lis3dsh/lis3dsh.adb:198:8" }
edge: { sourcename: "lis3dsh__configure" targetname: "__gnat_rcheck_CE_Invalid_Data" label: "/home/silvanosky/epita/ing3/ada/Adarrose/adarrose/Ada_Drivers_Library/repo/components/src/motion/lis3dsh/lis3dsh.adb:184:12" }
edge: { sourcename: "lis3dsh__configure" targetname: "lis3dsh__full_scale_selectionRP" label: "/home/silvanosky/epita/ing3/ada/Adarrose/adarrose/Ada_Drivers_Library/repo/components/src/motion/lis3dsh/lis3dsh.adb:184:12" }
edge: { sourcename: "lis3dsh__configure" targetname: "__indirect_call" label: "/home/silvanosky/epita/ing3/ada/Adarrose/adarrose/Ada_Drivers_Library/repo/components/src/motion/lis3dsh/lis3dsh.adb:78:7" }
edge: { sourcename: "lis3dsh__configure" targetname: "__gnat_rcheck_CE_Range_Check" label: "/home/silvanosky/epita/ing3/ada/Adarrose/adarrose/Ada_Drivers_Library/repo/components/src/motion/lis3dsh/lis3dsh.adb:181:23" }
edge: { sourcename: "lis3dsh__configure" targetname: "__indirect_call" label: "/home/silvanosky/epita/ing3/ada/Adarrose/adarrose/Ada_Drivers_Library/repo/components/src/motion/lis3dsh/lis3dsh.adb:78:7" }
edge: { sourcename: "lis3dsh__configure" targetname: "__gnat_rcheck_CE_Range_Check" label: "/home/silvanosky/epita/ing3/ada/Adarrose/adarrose/Ada_Drivers_Library/repo/components/src/motion/lis3dsh/lis3dsh.adb:178:23" }
edge: { sourcename: "lis3dsh__configure" targetname: "__gnat_rcheck_PE_Access_Before_Elaboration" label: "/home/silvanosky/epita/ing3/ada/Adarrose/adarrose/Ada_Drivers_Library/repo/components/src/motion/lis3dsh/lis3dsh.adb:159:4" }
node: { title: "/home/silvanosky/epita/ing3/ada/Adarrose/adarrose/Ada_Drivers_Library/repo/components/src/motion/lis3dsh/lis3dsh.adb:lis3dsh__configure___postconditions.7162" label: "CONFIGURE\n/home/silvanosky/epita/ing3/ada/Adarrose/adarrose/Ada_Drivers_Library/repo/components/src/motion/lis3dsh/lis3dsh.adb:159:4\n24 bytes (static)" }
edge: { sourcename: "/home/silvanosky/epita/ing3/ada/Adarrose/adarrose/Ada_Drivers_Library/repo/components/src/motion/lis3dsh/lis3dsh.adb:lis3dsh__configure___postconditions.7162" targetname: "system__assertions__raise_assert_failure" label: "/home/silvanosky/epita/ing3/ada/Adarrose/adarrose/Ada_Drivers_Library/repo/components/src/motion/lis3dsh/lis3dsh.ads:181:19" }
edge: { sourcename: "/home/silvanosky/epita/ing3/ada/Adarrose/adarrose/Ada_Drivers_Library/repo/components/src/motion/lis3dsh/lis3dsh.adb:lis3dsh__configure___postconditions.7162" targetname: "lis3dsh__configured" label: "/home/silvanosky/epita/ing3/ada/Adarrose/adarrose/Ada_Drivers_Library/repo/components/src/motion/lis3dsh/lis3dsh.ads:181:19" }
node: { title: "lis3dsh__get_accelerations" label: "GET_ACCELERATIONS\n/home/silvanosky/epita/ing3/ada/Adarrose/adarrose/Ada_Drivers_Library/repo/components/src/motion/lis3dsh/lis3dsh.adb:109:4\n80 bytes (static)" }
edge: { sourcename: "lis3dsh__get_accelerations" targetname: "__gnat_rcheck_CE_Overflow_Check" label: "/home/silvanosky/epita/ing3/ada/Adarrose/adarrose/Ada_Drivers_Library/repo/components/src/motion/lis3dsh/lis3dsh.adb:151:39" }
edge: { sourcename: "lis3dsh__get_accelerations" targetname: "__gnat_rcheck_CE_Overflow_Check" label: "/home/silvanosky/epita/ing3/ada/Adarrose/adarrose/Ada_Drivers_Library/repo/components/src/motion/lis3dsh/lis3dsh.adb:144:39" }
edge: { sourcename: "lis3dsh__get_accelerations" targetname: "__gnat_rcheck_CE_Overflow_Check" label: "/home/silvanosky/epita/ing3/ada/Adarrose/adarrose/Ada_Drivers_Library/repo/components/src/motion/lis3dsh/lis3dsh.adb:137:39" }
edge: { sourcename: "lis3dsh__get_accelerations" targetname: "__indirect_call" label: "/home/silvanosky/epita/ing3/ada/Adarrose/adarrose/Ada_Drivers_Library/repo/components/src/motion/lis3dsh/lis3dsh.adb:93:7" }
edge: { sourcename: "lis3dsh__get_accelerations" targetname: "__indirect_call" label: "/home/silvanosky/epita/ing3/ada/Adarrose/adarrose/Ada_Drivers_Library/repo/components/src/motion/lis3dsh/lis3dsh.adb:93:7" }
edge: { sourcename: "lis3dsh__get_accelerations" targetname: "__indirect_call" label: "/home/silvanosky/epita/ing3/ada/Adarrose/adarrose/Ada_Drivers_Library/repo/components/src/motion/lis3dsh/lis3dsh.adb:93:7" }
edge: { sourcename: "lis3dsh__get_accelerations" targetname: "__indirect_call" label: "/home/silvanosky/epita/ing3/ada/Adarrose/adarrose/Ada_Drivers_Library/repo/components/src/motion/lis3dsh/lis3dsh.adb:93:7" }
edge: { sourcename: "lis3dsh__get_accelerations" targetname: "__indirect_call" label: "/home/silvanosky/epita/ing3/ada/Adarrose/adarrose/Ada_Drivers_Library/repo/components/src/motion/lis3dsh/lis3dsh.adb:93:7" }
edge: { sourcename: "lis3dsh__get_accelerations" targetname: "__indirect_call" label: "/home/silvanosky/epita/ing3/ada/Adarrose/adarrose/Ada_Drivers_Library/repo/components/src/motion/lis3dsh/lis3dsh.adb:93:7" }
edge: { sourcename: "lis3dsh__get_accelerations" targetname: "system__assertions__raise_assert_failure" label: "/home/silvanosky/epita/ing3/ada/Adarrose/adarrose/Ada_Drivers_Library/repo/components/src/motion/lis3dsh/lis3dsh.ads:66:18" }
edge: { sourcename: "lis3dsh__get_accelerations" targetname: "lis3dsh__configured" label: "/home/silvanosky/epita/ing3/ada/Adarrose/adarrose/Ada_Drivers_Library/repo/components/src/motion/lis3dsh/lis3dsh.ads:66:18" }
edge: { sourcename: "lis3dsh__get_accelerations" targetname: "__gnat_rcheck_PE_Access_Before_Elaboration" label: "/home/silvanosky/epita/ing3/ada/Adarrose/adarrose/Ada_Drivers_Library/repo/components/src/motion/lis3dsh/lis3dsh.adb:109:4" }
node: { title: "lis3dsh__configured" label: "CONFIGURED\n/home/silvanosky/epita/ing3/ada/Adarrose/adarrose/Ada_Drivers_Library/repo/components/src/motion/lis3dsh/lis3dsh.adb:102:4\n16 bytes (static)" }
node: { title: "lis3dsh__interrupt_signal_active_selectionRP" label: "INTERRUPT_SIGNAL_ACTIVE_SELECTIONRP\n/home/silvanosky/epita/ing3/ada/Adarrose/adarrose/Ada_Drivers_Library/repo/components/src/motion/lis3dsh/lis3dsh.ads:242:9\n16 bytes (static)" }
edge: { sourcename: "lis3dsh__interrupt_signal_active_selectionRP" targetname: "__gnat_rcheck_CE_Invalid_Data" label: "/home/silvanosky/epita/ing3/ada/Adarrose/adarrose/Ada_Drivers_Library/repo/components/src/motion/lis3dsh/lis3dsh.ads:242:9" }
node: { title: "lis3dsh__interrupt_selection_enablersRP" label: "INTERRUPT_SELECTION_ENABLERSRP\n/home/silvanosky/epita/ing3/ada/Adarrose/adarrose/Ada_Drivers_Library/repo/components/src/motion/lis3dsh/lis3dsh.ads:229:9\n16 bytes (static)" }
edge: { sourcename: "lis3dsh__interrupt_selection_enablersRP" targetname: "__gnat_rcheck_CE_Invalid_Data" label: "/home/silvanosky/epita/ing3/ada/Adarrose/adarrose/Ada_Drivers_Library/repo/components/src/motion/lis3dsh/lis3dsh.ads:229:9" }
node: { title: "lis3dsh__interrupt_request_selectionRP" label: "INTERRUPT_REQUEST_SELECTIONRP\n/home/silvanosky/epita/ing3/ada/Adarrose/adarrose/Ada_Drivers_Library/repo/components/src/motion/lis3dsh/lis3dsh.ads:221:9\n16 bytes (static)" }
edge: { sourcename: "lis3dsh__interrupt_request_selectionRP" targetname: "__gnat_rcheck_CE_Invalid_Data" label: "/home/silvanosky/epita/ing3/ada/Adarrose/adarrose/Ada_Drivers_Library/repo/components/src/motion/lis3dsh/lis3dsh.ads:221:9" }
node: { title: "lis3dsh__state_machine_routed_interruptRP" label: "STATE_MACHINE_ROUTED_INTERRUPTRP\n/home/silvanosky/epita/ing3/ada/Adarrose/adarrose/Ada_Drivers_Library/repo/components/src/motion/lis3dsh/lis3dsh.ads:213:9\n16 bytes (static)" }
edge: { sourcename: "lis3dsh__state_machine_routed_interruptRP" targetname: "__gnat_rcheck_CE_Invalid_Data" label: "/home/silvanosky/epita/ing3/ada/Adarrose/adarrose/Ada_Drivers_Library/repo/components/src/motion/lis3dsh/lis3dsh.ads:213:9" }
node: { title: "lis3dsh__direction_xyz_selectionRP" label: "DIRECTION_XYZ_SELECTIONRP\n/home/silvanosky/epita/ing3/ada/Adarrose/adarrose/Ada_Drivers_Library/repo/components/src/motion/lis3dsh/lis3dsh.ads:153:9\n16 bytes (static)" }
edge: { sourcename: "lis3dsh__direction_xyz_selectionRP" targetname: "__gnat_rcheck_CE_Invalid_Data" label: "/home/silvanosky/epita/ing3/ada/Adarrose/adarrose/Ada_Drivers_Library/repo/components/src/motion/lis3dsh/lis3dsh.ads:153:9" }
node: { title: "lis3dsh__self_test_selectionRP" label: "SELF_TEST_SELECTIONRP\n/home/silvanosky/epita/ing3/ada/Adarrose/adarrose/Ada_Drivers_Library/repo/components/src/motion/lis3dsh/lis3dsh.ads:143:9\n16 bytes (static)" }
edge: { sourcename: "lis3dsh__self_test_selectionRP" targetname: "__gnat_rcheck_CE_Invalid_Data" label: "/home/silvanosky/epita/ing3/ada/Adarrose/adarrose/Ada_Drivers_Library/repo/components/src/motion/lis3dsh/lis3dsh.ads:143:9" }
node: { title: "lis3dsh__anti_aliasing_filter_bandwidthRP" label: "ANTI_ALIASING_FILTER_BANDWIDTHRP\n/home/silvanosky/epita/ing3/ada/Adarrose/adarrose/Ada_Drivers_Library/repo/components/src/motion/lis3dsh/lis3dsh.ads:131:9\n16 bytes (static)" }
edge: { sourcename: "lis3dsh__anti_aliasing_filter_bandwidthRP" targetname: "__gnat_rcheck_CE_Invalid_Data" label: "/home/silvanosky/epita/ing3/ada/Adarrose/adarrose/Ada_Drivers_Library/repo/components/src/motion/lis3dsh/lis3dsh.ads:131:9" }
node: { title: "lis3dsh__data_rate_power_mode_selectionRP" label: "DATA_RATE_POWER_MODE_SELECTIONRP\n/home/silvanosky/epita/ing3/ada/Adarrose/adarrose/Ada_Drivers_Library/repo/components/src/motion/lis3dsh/lis3dsh.ads:107:9\n16 bytes (static)" }
edge: { sourcename: "lis3dsh__data_rate_power_mode_selectionRP" targetname: "__gnat_rcheck_CE_Invalid_Data" label: "/home/silvanosky/epita/ing3/ada/Adarrose/adarrose/Ada_Drivers_Library/repo/components/src/motion/lis3dsh/lis3dsh.ads:107:9" }
node: { title: "lis3dsh__full_scale_selectionRP" label: "FULL_SCALE_SELECTIONRP\n/home/silvanosky/epita/ing3/ada/Adarrose/adarrose/Ada_Drivers_Library/repo/components/src/motion/lis3dsh/lis3dsh.ads:92:9\n16 bytes (static)" }
edge: { sourcename: "lis3dsh__full_scale_selectionRP" targetname: "__gnat_rcheck_CE_Invalid_Data" label: "/home/silvanosky/epita/ing3/ada/Adarrose/adarrose/Ada_Drivers_Library/repo/components/src/motion/lis3dsh/lis3dsh.ads:92:9" }
node: { title: "lis3dsh__axes_accelerationsIP" label: "AXES_ACCELERATIONSIP\n/home/silvanosky/epita/ing3/ada/Adarrose/adarrose/Ada_Drivers_Library/repo/components/src/motion/lis3dsh/lis3dsh.ads:59:9\n16 bytes (static)" }
node: { title: "lis3dsh__Tthree_axis_accelerometerCFD" label: "TTHREE_AXIS_ACCELEROMETERCFD\n/home/silvanosky/epita/ing3/ada/Adarrose/adarrose/Ada_Drivers_Library/repo/components/src/motion/lis3dsh/lis3dsh.ads:51:9\n32 bytes (static)" }
edge: { sourcename: "lis3dsh__Tthree_axis_accelerometerCFD" targetname: "__indirect_call" label: "/home/silvanosky/epita/ing3/ada/Adarrose/adarrose/Ada_Drivers_Library/repo/components/src/motion/lis3dsh/lis3dsh.ads:51:9" }
node: { title: "lis3dsh__three_axis_accelerometerDF" label: "THREE_AXIS_ACCELEROMETERDF\n/home/silvanosky/epita/ing3/ada/Adarrose/adarrose/Ada_Drivers_Library/repo/components/src/motion/lis3dsh/lis3dsh.ads:288:9\n16 bytes (static)" }
node: { title: "lis3dsh___size" label: "LIS3DSH\n/home/silvanosky/epita/ing3/ada/Adarrose/adarrose/Ada_Drivers_Library/repo/components/src/motion/lis3dsh/lis3dsh.ads:288:9\n16 bytes (static)" }
node: { title: "lis3dsh__three_axis_accelerometerIP" label: "THREE_AXIS_ACCELEROMETERIP\n/home/silvanosky/epita/ing3/ada/Adarrose/adarrose/Ada_Drivers_Library/repo/components/src/motion/lis3dsh/lis3dsh.ads:288:9\n16 bytes (static)" }
}
