edge: { sourcename: "simple_synthesizer__TsynthesizerCFD"
  targetname: "-9:hal__audio__audio_stream,hal__audio__audio_stream"
  label: "simple_synthesizer.ads:39:9"
}
class {
  classname: "simple_synthesizer__synthesizer"
  label: "simple_synthesizer__synthesizer\simple_synthesizer.ads:39:9"
  parent: "hal__audio__audio_stream"
  virtuals: "1:simple_synthesizer__set_frequency,1:hal__audio__audio_stream\n
             2:simple_synthesizer__transmit,2:hal__audio__audio_stream\n
             3:simple_synthesizer__receive,3:hal__audio__audio_stream\n
             -1:simple_synthesizer___size__2,-1:hal__audio__audio_stream\n
             -9:simple_synthesizer__synthesizerDF__2,-9:hal__audio__audio_stream\n
             4:simple_synthesizer__set_note_frequency"
}
graph: { title: "/home/silvanosky/epita/ing3/ada/Adarrose/adarrose/Ada_Drivers_Library/repo/middleware/src/audio/simple_synthesizer.adb"
node: { title: "__aeabi_l2f" label: "aeabi_l2f\n<built-in>" shape : ellipse }
node: { title: "ada__tags__register_tag" label: "Register_Tag\n/home/silvanosky/opt/GNAT/2019-arm-elf/arm-eabi/lib/gnat/ravenscar-full-stm32f429disco/gnat/a-tags.ads:552:14" shape : ellipse }
node: { title: "ada__tags__check_tsd" label: "Check_Tsd\n/home/silvanosky/opt/GNAT/2019-arm-elf/arm-eabi/lib/gnat/ravenscar-full-stm32f429disco/gnat/a-tags.ads:465:14" shape : ellipse }
node: { title: "__gnat_rcheck_CE_Index_Check" label: "gnat_rcheck_CE_Index_Check\n<built-in>" shape : ellipse }
node: { title: "__gnat_rcheck_CE_Overflow_Check" label: "gnat_rcheck_CE_Overflow_Check\n<built-in>" shape : ellipse }
node: { title: "__gnat_rcheck_CE_Range_Check" label: "gnat_rcheck_CE_Range_Check\n<built-in>" shape : ellipse }
node: { title: "__gnat_raise_exception" label: "Raise_Exception_Always\n/home/silvanosky/opt/GNAT/2019-arm-elf/arm-eabi/lib/gnat/ravenscar-full-stm32f429disco/gnat/a-except.ads:188:14" shape : ellipse }
node: { title: "__gnat_rcheck_PE_Access_Before_Elaboration" label: "gnat_rcheck_PE_Access_Before_Elaboration\n<built-in>" shape : ellipse }
node: { title: "ada__tags__unregister_tag" label: "Unregister_Tag\n/home/silvanosky/opt/GNAT/2019-arm-elf/arm-eabi/lib/gnat/ravenscar-full-stm32f429disco/gnat/a-tags.ads:588:14" shape : ellipse }
node: { title: "simple_synthesizer___elabs" label: "Simple_Synthesizer\n/home/silvanosky/epita/ing3/ada/Adarrose/adarrose/Ada_Drivers_Library/repo/middleware/src/audio/simple_synthesizer.ads:37:1\n8 bytes (static)" }
edge: { sourcename: "simple_synthesizer___elabs" targetname: "ada__tags__register_tag" label: "/home/silvanosky/epita/ing3/ada/Adarrose/adarrose/Ada_Drivers_Library/repo/middleware/src/audio/simple_synthesizer.ads:58:9" }
edge: { sourcename: "simple_synthesizer___elabs" targetname: "ada__tags__check_tsd" label: "/home/silvanosky/epita/ing3/ada/Adarrose/adarrose/Ada_Drivers_Library/repo/middleware/src/audio/simple_synthesizer.ads:58:9" }
node: { title: "simple_synthesizer___elabb" label: "Simple_Synthesizer\n/home/silvanosky/epita/ing3/ada/Adarrose/adarrose/Ada_Drivers_Library/repo/middleware/src/audio/simple_synthesizer.adb:34:1\n4 bytes (static)" }
node: { title: "simple_synthesizer__receive" label: "Receive\n/home/silvanosky/epita/ing3/ada/Adarrose/adarrose/Ada_Drivers_Library/repo/middleware/src/audio/simple_synthesizer.adb:76:15\n88 bytes (static)" }
edge: { sourcename: "simple_synthesizer__receive" targetname: "/home/silvanosky/epita/ing3/ada/Adarrose/adarrose/Ada_Drivers_Library/repo/middleware/src/audio/simple_synthesizer.adb:simple_synthesizer__receive__next_sample.6127" label: "/home/silvanosky/epita/ing3/ada/Adarrose/adarrose/Ada_Drivers_Library/repo/middleware/src/audio/simple_synthesizer.adb:117:20" }
edge: { sourcename: "simple_synthesizer__receive" targetname: "__gnat_rcheck_CE_Index_Check" label: "/home/silvanosky/epita/ing3/ada/Adarrose/adarrose/Ada_Drivers_Library/repo/middleware/src/audio/simple_synthesizer.adb:113:13" }
edge: { sourcename: "simple_synthesizer__receive" targetname: "__gnat_rcheck_CE_Overflow_Check" label: "/home/silvanosky/epita/ing3/ada/Adarrose/adarrose/Ada_Drivers_Library/repo/middleware/src/audio/simple_synthesizer.adb:113:44" }
edge: { sourcename: "simple_synthesizer__receive" targetname: "__gnat_rcheck_CE_Overflow_Check" label: "/home/silvanosky/epita/ing3/ada/Adarrose/adarrose/Ada_Drivers_Library/repo/middleware/src/audio/simple_synthesizer.adb:113:31" }
edge: { sourcename: "simple_synthesizer__receive" targetname: "__gnat_rcheck_CE_Overflow_Check" label: "/home/silvanosky/epita/ing3/ada/Adarrose/adarrose/Ada_Drivers_Library/repo/middleware/src/audio/simple_synthesizer.adb:113:26" }
edge: { sourcename: "simple_synthesizer__receive" targetname: "__gnat_rcheck_CE_Index_Check" label: "/home/silvanosky/epita/ing3/ada/Adarrose/adarrose/Ada_Drivers_Library/repo/middleware/src/audio/simple_synthesizer.adb:112:13" }
edge: { sourcename: "simple_synthesizer__receive" targetname: "__gnat_rcheck_CE_Overflow_Check" label: "/home/silvanosky/epita/ing3/ada/Adarrose/adarrose/Ada_Drivers_Library/repo/middleware/src/audio/simple_synthesizer.adb:112:31" }
edge: { sourcename: "simple_synthesizer__receive" targetname: "__gnat_rcheck_CE_Overflow_Check" label: "/home/silvanosky/epita/ing3/ada/Adarrose/adarrose/Ada_Drivers_Library/repo/middleware/src/audio/simple_synthesizer.adb:112:26" }
edge: { sourcename: "simple_synthesizer__receive" targetname: "/home/silvanosky/epita/ing3/ada/Adarrose/adarrose/Ada_Drivers_Library/repo/middleware/src/audio/simple_synthesizer.adb:simple_synthesizer__receive__next_sample.6127" label: "/home/silvanosky/epita/ing3/ada/Adarrose/adarrose/Ada_Drivers_Library/repo/middleware/src/audio/simple_synthesizer.adb:111:17" }
edge: { sourcename: "simple_synthesizer__receive" targetname: "__gnat_rcheck_CE_Range_Check" label: "/home/silvanosky/epita/ing3/ada/Adarrose/adarrose/Ada_Drivers_Library/repo/middleware/src/audio/simple_synthesizer.adb:110:33" }
edge: { sourcename: "simple_synthesizer__receive" targetname: "__gnat_raise_exception" label: "/home/silvanosky/epita/ing3/ada/Adarrose/adarrose/Ada_Drivers_Library/repo/middleware/src/audio/simple_synthesizer.adb:106:13" }
edge: { sourcename: "simple_synthesizer__receive" targetname: "__aeabi_l2f" }
edge: { sourcename: "simple_synthesizer__receive" targetname: "__gnat_rcheck_PE_Access_Before_Elaboration" label: "/home/silvanosky/epita/ing3/ada/Adarrose/adarrose/Ada_Drivers_Library/repo/middleware/src/audio/simple_synthesizer.adb:76:15" }
node: { title: "/home/silvanosky/epita/ing3/ada/Adarrose/adarrose/Ada_Drivers_Library/repo/middleware/src/audio/simple_synthesizer.adb:simple_synthesizer__receive__next_sample.6127" label: "Next_Sample\n/home/silvanosky/epita/ing3/ada/Adarrose/adarrose/Ada_Drivers_Library/repo/middleware/src/audio/simple_synthesizer.adb:93:7\n16 bytes (static)" }
edge: { sourcename: "/home/silvanosky/epita/ing3/ada/Adarrose/adarrose/Ada_Drivers_Library/repo/middleware/src/audio/simple_synthesizer.adb:simple_synthesizer__receive__next_sample.6127" targetname: "__gnat_rcheck_CE_Overflow_Check" label: "/home/silvanosky/epita/ing3/ada/Adarrose/adarrose/Ada_Drivers_Library/repo/middleware/src/audio/simple_synthesizer.adb:99:46" }
node: { title: "simple_synthesizer__transmit" label: "Transmit\n/home/silvanosky/epita/ing3/ada/Adarrose/adarrose/Ada_Drivers_Library/repo/middleware/src/audio/simple_synthesizer.adb:64:15\n40 bytes (static)" }
edge: { sourcename: "simple_synthesizer__transmit" targetname: "__gnat_raise_exception" label: "/home/silvanosky/epita/ing3/ada/Adarrose/adarrose/Ada_Drivers_Library/repo/middleware/src/audio/simple_synthesizer.adb:69:7" }
edge: { sourcename: "simple_synthesizer__transmit" targetname: "__gnat_rcheck_PE_Access_Before_Elaboration" label: "/home/silvanosky/epita/ing3/ada/Adarrose/adarrose/Ada_Drivers_Library/repo/middleware/src/audio/simple_synthesizer.adb:64:15" }
node: { title: "simple_synthesizer__set_frequency" label: "Set_Frequency\n/home/silvanosky/epita/ing3/ada/Adarrose/adarrose/Ada_Drivers_Library/repo/middleware/src/audio/simple_synthesizer.adb:52:15\n16 bytes (static)" }
edge: { sourcename: "simple_synthesizer__set_frequency" targetname: "__gnat_rcheck_PE_Access_Before_Elaboration" label: "/home/silvanosky/epita/ing3/ada/Adarrose/adarrose/Ada_Drivers_Library/repo/middleware/src/audio/simple_synthesizer.adb:52:15" }
node: { title: "simple_synthesizer__set_note_frequency" label: "Set_Note_Frequency\n/home/silvanosky/epita/ing3/ada/Adarrose/adarrose/Ada_Drivers_Library/repo/middleware/src/audio/simple_synthesizer.adb:40:4\n16 bytes (static)" }
edge: { sourcename: "simple_synthesizer__set_note_frequency" targetname: "__gnat_rcheck_PE_Access_Before_Elaboration" label: "/home/silvanosky/epita/ing3/ada/Adarrose/adarrose/Ada_Drivers_Library/repo/middleware/src/audio/simple_synthesizer.adb:40:4" }
node: { title: "simple_synthesizer__finalize_spec" label: "Finalize_Spec\n/home/silvanosky/epita/ing3/ada/Adarrose/adarrose/Ada_Drivers_Library/repo/middleware/src/audio/simple_synthesizer.ads:37:1\n8 bytes (static)" }
edge: { sourcename: "simple_synthesizer__finalize_spec" targetname: "ada__tags__unregister_tag" label: "/home/silvanosky/epita/ing3/ada/Adarrose/adarrose/Ada_Drivers_Library/repo/middleware/src/audio/simple_synthesizer.ads:37:1" }
node: { title: "simple_synthesizer__TsynthesizerCFD" label: "Tsynthesizercfd\n/home/silvanosky/epita/ing3/ada/Adarrose/adarrose/Ada_Drivers_Library/repo/middleware/src/audio/simple_synthesizer.ads:39:9\n32 bytes (static)" }
edge: { sourcename: "simple_synthesizer__TsynthesizerCFD" targetname: "__indirect_call" label: "/home/silvanosky/epita/ing3/ada/Adarrose/adarrose/Ada_Drivers_Library/repo/middleware/src/audio/simple_synthesizer.ads:39:9" }
node: { title: "__indirect_call" label: "Indirect Call Placeholder" shape : ellipse }
node: { title: "simple_synthesizer__synthesizerDF__2" label: "Synthesizerdf\n/home/silvanosky/epita/ing3/ada/Adarrose/adarrose/Ada_Drivers_Library/repo/middleware/src/audio/simple_synthesizer.ads:58:9\n16 bytes (static)" }
node: { title: "simple_synthesizer___size__2" label: "Simple_Synthesizer\n/home/silvanosky/epita/ing3/ada/Adarrose/adarrose/Ada_Drivers_Library/repo/middleware/src/audio/simple_synthesizer.ads:58:9\n16 bytes (static)" }
node: { title: "simple_synthesizer__synthesizerIP" label: "Synthesizerip\n/home/silvanosky/epita/ing3/ada/Adarrose/adarrose/Ada_Drivers_Library/repo/middleware/src/audio/simple_synthesizer.ads:58:9\n24 bytes (static)" }
}
