edge: { sourcename: "ssd1306__Tssd1306_bitmap_bufferCFD"
  targetname: "-9:ssd1306__ssd1306_bitmap_buffer,ssd1306__ssd1306_bitmap_buffer"
  label: "ssd1306.ads:174:9"
}
edge: { sourcename: "ssd1306__Tssd1306_screenCFD"
  targetname: "-9:ssd1306__ssd1306_screen,ssd1306__ssd1306_screen"
  label: "ssd1306.ads:46:9"
}
class {
  classname: "ssd1306__ssd1306_screen"
  label: "ssd1306__ssd1306_screen\ssd1306.ads:46:9"
  parent: "hal__framebuffer__frame_buffer_display"
  virtuals: "1:ssd1306__max_layers,1:hal__framebuffer__frame_buffer_display\n
             2:ssd1306__supported,2:hal__framebuffer__frame_buffer_display\n
             3:ssd1306__set_orientation,3:hal__framebuffer__frame_buffer_display\n
             4:ssd1306__set_mode,4:hal__framebuffer__frame_buffer_display\n
             5:ssd1306__initialized,5:hal__framebuffer__frame_buffer_display\n
             6:ssd1306__width,6:hal__framebuffer__frame_buffer_display\n
             7:ssd1306__height,7:hal__framebuffer__frame_buffer_display\n
             8:ssd1306__swapped,8:hal__framebuffer__frame_buffer_display\n
             9:ssd1306__set_background,9:hal__framebuffer__frame_buffer_display\n
             10:ssd1306__initialize_layer,10:hal__framebuffer__frame_buffer_display\n
             11:ssd1306__initialized__2,11:hal__framebuffer__frame_buffer_display\n
             12:ssd1306__update_layer,12:hal__framebuffer__frame_buffer_display\n
             13:ssd1306__update_layers,13:hal__framebuffer__frame_buffer_display\n
             14:ssd1306__color_mode,14:hal__framebuffer__frame_buffer_display\n
             15:ssd1306__hidden_buffer,15:hal__framebuffer__frame_buffer_display\n
             16:ssd1306__pixel_size,16:hal__framebuffer__frame_buffer_display\n
             -1:ssd1306___size__5,-1:hal__framebuffer__frame_buffer_display\n
             -9:ssd1306__ssd1306_screenDF__2,-9:hal__framebuffer__frame_buffer_display\n
             17:ssd1306__initialize\n
             18:ssd1306__turn_on\n
             19:ssd1306__turn_off\n
             20:ssd1306__display_inversion_on\n
             21:ssd1306__display_inversion_off\n
             22:ssd1306__write_raw_pixels"
}
class {
  classname: "ssd1306__ssd1306_bitmap_buffer"
  label: "ssd1306__ssd1306_bitmap_buffer\ssd1306.ads:174:9"
  parent: "memory_mapped_bitmap__memory_mapped_bitmap_buffer"
  virtuals: "11:ssd1306__set_pixel__4,11:memory_mapped_bitmap__memory_mapped_bitmap_buffer\n
             12:ssd1306__set_pixel__5,12:memory_mapped_bitmap__memory_mapped_bitmap_buffer\n
             13:ssd1306__set_pixel__6,13:memory_mapped_bitmap__memory_mapped_bitmap_buffer\n
             15:ssd1306__pixel__3,15:memory_mapped_bitmap__memory_mapped_bitmap_buffer\n
             16:ssd1306__pixel__4,16:memory_mapped_bitmap__memory_mapped_bitmap_buffer\n
             18:ssd1306__fill__2,18:memory_mapped_bitmap__memory_mapped_bitmap_buffer\n
             -1:ssd1306___size__4,-1:memory_mapped_bitmap__memory_mapped_bitmap_buffer\n
             -2:ssd1306__ssd1306_bitmap_bufferSR__2,-2:memory_mapped_bitmap__memory_mapped_bitmap_buffer\n
             -3:ssd1306__ssd1306_bitmap_bufferSW__2,-3:memory_mapped_bitmap__memory_mapped_bitmap_buffer\n
             -4:ssd1306__ssd1306_bitmap_bufferSI__2,-4:memory_mapped_bitmap__memory_mapped_bitmap_buffer\n
             -5:ssd1306__ssd1306_bitmap_bufferSO__2,-5:memory_mapped_bitmap__memory_mapped_bitmap_buffer\n
             -6:ssd1306__Oeq__2,-6:memory_mapped_bitmap__memory_mapped_bitmap_buffer\n
             -7:ssd1306___assign__2,-7:memory_mapped_bitmap__memory_mapped_bitmap_buffer\n
             -8:ssd1306__ssd1306_bitmap_bufferDA__2,-8:memory_mapped_bitmap__memory_mapped_bitmap_buffer\n
             -9:ssd1306__ssd1306_bitmap_bufferDF__2,-9:memory_mapped_bitmap__memory_mapped_bitmap_buffer"
}
edge: { sourcename: "ssd1306__write_command"
  targetname: "1:hal__i2c__i2c_port,hal__i2c__i2c_port"
  label: "ssd1306.adb:49:16"
}
edge: { sourcename: "ssd1306__write_data"
  targetname: "1:hal__i2c__i2c_port,hal__i2c__i2c_port"
  label: "ssd1306.adb:67:16"
}
edge: { sourcename: "ssd1306__initialize"
  targetname: "8:hal__gpio__gpio_point,hal__gpio__gpio_point"
  label: "ssd1306.adb:89:15"
}
edge: { sourcename: "ssd1306__initialize"
  targetname: "2:hal__time__delays,hal__time__delays"
  label: "ssd1306.adb:90:16"
}
edge: { sourcename: "ssd1306__initialize"
  targetname: "7:hal__gpio__gpio_point,hal__gpio__gpio_point"
  label: "ssd1306.adb:91:15"
}
edge: { sourcename: "ssd1306__initialize"
  targetname: "2:hal__time__delays,hal__time__delays"
  label: "ssd1306.adb:92:16"
}
graph: { title: "/home/silvanosky/epita/ing3/ada/Adarrose/adarrose/Ada_Drivers_Library/repo/components/src/screen/ssd1306/ssd1306.adb"
node: { title: "_Unwind_Resume" label: "builtin_unwind_resume\n<built-in>" shape : ellipse }
node: { title: "ada__tags__register_tag" label: "Register_Tag\n/home/silvanosky/opt/GNAT/2019-arm-elf/arm-eabi/lib/gnat/ravenscar-full-stm32f429disco/gnat/a-tags.ads:552:14" shape : ellipse }
node: { title: "ada__tags__check_tsd" label: "Check_Tsd\n/home/silvanosky/opt/GNAT/2019-arm-elf/arm-eabi/lib/gnat/ravenscar-full-stm32f429disco/gnat/a-tags.ads:465:14" shape : ellipse }
node: { title: "system__finalization_masters__set_finalize_address" label: "Set_Finalize_Address\n/home/silvanosky/opt/GNAT/2019-arm-elf/arm-eabi/lib/gnat/ravenscar-full-stm32f429disco/gnat/s-finmas.ads:126:14" shape : ellipse }
node: { title: "system__finalization_masters__set_base_pool" label: "Set_Base_Pool\n/home/silvanosky/opt/GNAT/2019-arm-elf/arm-eabi/lib/gnat/ravenscar-full-stm32f429disco/gnat/s-finmas.ads:201:14" shape : ellipse }
node: { title: "system__finalization_masters__initialize__2" label: "Initialize\n/home/silvanosky/opt/GNAT/2019-arm-elf/arm-eabi/lib/gnat/ravenscar-full-stm32f429disco/gnat/s-finmas.ads:198:25" shape : ellipse }
node: { title: "system__finalization_masters__finalization_masterIP" label: "Finalization_Masterip\n/home/silvanosky/opt/GNAT/2019-arm-elf/arm-eabi/lib/gnat/ravenscar-full-stm32f429disco/gnat/s-finmas.ads:161:9" shape : ellipse }
node: { title: "memset" label: "builtin_memset\n<built-in>" shape : ellipse }
node: { title: "__gnat_rcheck_CE_Index_Check" label: "gnat_rcheck_CE_Index_Check\n<built-in>" shape : ellipse }
node: { title: "memory_mapped_bitmap__height" label: "Height\n/home/silvanosky/epita/ing3/ada/Adarrose/adarrose/Ada_Drivers_Library/repo/middleware/src/bitmap/memory_mapped_bitmap.ads:82:13" shape : ellipse }
node: { title: "memory_mapped_bitmap__width" label: "Width\n/home/silvanosky/epita/ing3/ada/Adarrose/adarrose/Ada_Drivers_Library/repo/middleware/src/bitmap/memory_mapped_bitmap.ads:78:13" shape : ellipse }
node: { title: "__gnat_rcheck_CE_Range_Check" label: "gnat_rcheck_CE_Range_Check\n<built-in>" shape : ellipse }
node: { title: "__gnat_raise_exception" label: "Raise_Exception_Always\n/home/silvanosky/opt/GNAT/2019-arm-elf/arm-eabi/lib/gnat/ravenscar-full-stm32f429disco/gnat/a-except.ads:188:14" shape : ellipse }
node: { title: "__gnat_rcheck_CE_Overflow_Check" label: "gnat_rcheck_CE_Overflow_Check\n<built-in>" shape : ellipse }
node: { title: "__gnat_rcheck_PE_Access_Before_Elaboration" label: "gnat_rcheck_PE_Access_Before_Elaboration\n<built-in>" shape : ellipse }
node: { title: "__gnat_rcheck_PE_Explicit_Raise" label: "gnat_rcheck_PE_Explicit_Raise\n<built-in>" shape : ellipse }
node: { title: "__gnat_end_handler" label: "gnat_end_handler\n<built-in>" shape : ellipse }
node: { title: "__gnat_begin_handler" label: "gnat_begin_handler\n<built-in>" shape : ellipse }
node: { title: "system__finalization_masters__finalize" label: "Finalize\n/home/silvanosky/opt/GNAT/2019-arm-elf/arm-eabi/lib/gnat/ravenscar-full-stm32f429disco/gnat/s-finmas.ads:96:25" shape : ellipse }
node: { title: "ada__tags__unregister_tag" label: "Unregister_Tag\n/home/silvanosky/opt/GNAT/2019-arm-elf/arm-eabi/lib/gnat/ravenscar-full-stm32f429disco/gnat/a-tags.ads:588:14" shape : ellipse }
node: { title: "__gnat_rcheck_CE_Discriminant_Check" label: "gnat_rcheck_CE_Discriminant_Check\n<built-in>" shape : ellipse }
node: { title: "memcmp" label: "builtin_memcmp\n<built-in>" shape : ellipse }
node: { title: "memory_mapped_bitmap__Oeq" label: "=\n/home/silvanosky/epita/ing3/ada/Adarrose/adarrose/Ada_Drivers_Library/repo/middleware/src/bitmap/memory_mapped_bitmap.ads:41:9" shape : ellipse }
node: { title: "system__stream_attributes__w_i" label: "W_I\n/home/silvanosky/opt/GNAT/2019-arm-elf/arm-eabi/lib/gnat/ravenscar-full-stm32f429disco/gnat/s-stratt.ads:137:14" shape : ellipse }
node: { title: "memcpy" label: "builtin_memcpy\n<built-in>" shape : ellipse }
node: { title: "system__secondary_stack__ss_allocate" label: "Ss_Allocate\n/home/silvanosky/opt/GNAT/2019-arm-elf/arm-eabi/lib/gnat/ravenscar-full-stm32f429disco/gnat/s-secsta.ads:58:14" shape : ellipse }
node: { title: "system__stream_attributes__i_i" label: "I_I\n/home/silvanosky/opt/GNAT/2019-arm-elf/arm-eabi/lib/gnat/ravenscar-full-stm32f429disco/gnat/s-stratt.ads:106:13" shape : ellipse }
node: { title: "system__stream_attributes__w_ssu" label: "W_Ssu\n/home/silvanosky/opt/GNAT/2019-arm-elf/arm-eabi/lib/gnat/ravenscar-full-stm32f429disco/gnat/s-stratt.ads:148:14" shape : ellipse }
node: { title: "memory_mapped_bitmap__memory_mapped_bitmap_bufferSW" label: "Memory_Mapped_Bitmap_Buffersw\n/home/silvanosky/epita/ing3/ada/Adarrose/adarrose/Ada_Drivers_Library/repo/middleware/src/bitmap/memory_mapped_bitmap.ads:41:9" shape : ellipse }
node: { title: "system__stream_attributes__i_ssu" label: "I_Ssu\n/home/silvanosky/opt/GNAT/2019-arm-elf/arm-eabi/lib/gnat/ravenscar-full-stm32f429disco/gnat/s-stratt.ads:116:13" shape : ellipse }
node: { title: "memory_mapped_bitmap__memory_mapped_bitmap_bufferSR" label: "Memory_Mapped_Bitmap_Buffersr\n/home/silvanosky/epita/ing3/ada/Adarrose/adarrose/Ada_Drivers_Library/repo/middleware/src/bitmap/memory_mapped_bitmap.ads:41:9" shape : ellipse }
node: { title: "memory_mapped_bitmap__memory_mapped_bitmap_bufferIP" label: "Memory_Mapped_Bitmap_Bufferip\n/home/silvanosky/epita/ing3/ada/Adarrose/adarrose/Ada_Drivers_Library/repo/middleware/src/bitmap/memory_mapped_bitmap.ads:41:9" shape : ellipse }
node: { title: "ssd1306___elabs" label: "SSD1306\n/home/silvanosky/epita/ing3/ada/Adarrose/adarrose/Ada_Drivers_Library/repo/components/src/screen/ssd1306/ssd1306.ads:42:1\n8 bytes (static)" }
edge: { sourcename: "ssd1306___elabs" targetname: "ada__tags__register_tag" label: "/home/silvanosky/epita/ing3/ada/Adarrose/adarrose/Ada_Drivers_Library/repo/components/src/screen/ssd1306/ssd1306.ads:174:9" }
edge: { sourcename: "ssd1306___elabs" targetname: "ada__tags__check_tsd" label: "/home/silvanosky/epita/ing3/ada/Adarrose/adarrose/Ada_Drivers_Library/repo/components/src/screen/ssd1306/ssd1306.ads:174:9" }
edge: { sourcename: "ssd1306___elabs" targetname: "ada__tags__register_tag" label: "/home/silvanosky/epita/ing3/ada/Adarrose/adarrose/Ada_Drivers_Library/repo/components/src/screen/ssd1306/ssd1306.ads:216:9" }
edge: { sourcename: "ssd1306___elabs" targetname: "ada__tags__check_tsd" label: "/home/silvanosky/epita/ing3/ada/Adarrose/adarrose/Ada_Drivers_Library/repo/components/src/screen/ssd1306/ssd1306.ads:216:9" }
edge: { sourcename: "ssd1306___elabs" targetname: "system__finalization_masters__set_finalize_address" label: "/home/silvanosky/epita/ing3/ada/Adarrose/adarrose/Ada_Drivers_Library/repo/components/src/screen/ssd1306/ssd1306.ads:66:9" }
edge: { sourcename: "ssd1306___elabs" targetname: "system__finalization_masters__set_base_pool" label: "/home/silvanosky/epita/ing3/ada/Adarrose/adarrose/Ada_Drivers_Library/repo/components/src/screen/ssd1306/ssd1306.ads:66:9" }
edge: { sourcename: "ssd1306___elabs" targetname: "system__finalization_masters__initialize__2" label: "/home/silvanosky/epita/ing3/ada/Adarrose/adarrose/Ada_Drivers_Library/repo/components/src/screen/ssd1306/ssd1306.ads:66:9" }
edge: { sourcename: "ssd1306___elabs" targetname: "system__finalization_masters__finalization_masterIP" label: "/home/silvanosky/epita/ing3/ada/Adarrose/adarrose/Ada_Drivers_Library/repo/components/src/screen/ssd1306/ssd1306.ads:66:9" }
node: { title: "ssd1306___elabb" label: "SSD1306\n/home/silvanosky/epita/ing3/ada/Adarrose/adarrose/Ada_Drivers_Library/repo/components/src/screen/ssd1306/ssd1306.adb:32:1\n4 bytes (static)" }
node: { title: "ssd1306__fill__2" label: "FILL\n/home/silvanosky/epita/ing3/ada/Adarrose/adarrose/Ada_Drivers_Library/repo/components/src/screen/ssd1306/ssd1306.adb:491:4\n24 bytes (static)" }
edge: { sourcename: "ssd1306__fill__2" targetname: "memset" label: "/home/silvanosky/epita/ing3/ada/Adarrose/adarrose/Ada_Drivers_Library/repo/components/src/screen/ssd1306/ssd1306.adb:496:19" }
edge: { sourcename: "ssd1306__fill__2" targetname: "__gnat_rcheck_PE_Access_Before_Elaboration" label: "/home/silvanosky/epita/ing3/ada/Adarrose/adarrose/Ada_Drivers_Library/repo/components/src/screen/ssd1306/ssd1306.adb:491:4" }
node: { title: "ssd1306__pixel__4" label: "PIXEL\n/home/silvanosky/epita/ing3/ada/Adarrose/adarrose/Ada_Drivers_Library/repo/components/src/screen/ssd1306/ssd1306.adb:468:4\n40 bytes (static)" }
edge: { sourcename: "ssd1306__pixel__4" targetname: "__gnat_rcheck_CE_Index_Check" label: "/home/silvanosky/epita/ing3/ada/Adarrose/adarrose/Ada_Drivers_Library/repo/components/src/screen/ssd1306/ssd1306.adb:476:35" }
edge: { sourcename: "ssd1306__pixel__4" targetname: "__gnat_rcheck_CE_Overflow_Check" label: "/home/silvanosky/epita/ing3/ada/Adarrose/adarrose/Ada_Drivers_Library/repo/components/src/screen/ssd1306/ssd1306.adb:476:60" }
edge: { sourcename: "ssd1306__pixel__4" targetname: "__gnat_rcheck_CE_Range_Check" label: "/home/silvanosky/epita/ing3/ada/Adarrose/adarrose/Ada_Drivers_Library/repo/components/src/screen/ssd1306/ssd1306.adb:475:38" }
edge: { sourcename: "ssd1306__pixel__4" targetname: "__gnat_rcheck_CE_Overflow_Check" label: "/home/silvanosky/epita/ing3/ada/Adarrose/adarrose/Ada_Drivers_Library/repo/components/src/screen/ssd1306/ssd1306.adb:475:38" }
edge: { sourcename: "ssd1306__pixel__4" targetname: "__gnat_rcheck_CE_Overflow_Check" label: "/home/silvanosky/epita/ing3/ada/Adarrose/adarrose/Ada_Drivers_Library/repo/components/src/screen/ssd1306/ssd1306.adb:475:48" }
edge: { sourcename: "ssd1306__pixel__4" targetname: "__gnat_rcheck_CE_Range_Check" label: "/home/silvanosky/epita/ing3/ada/Adarrose/adarrose/Ada_Drivers_Library/repo/components/src/screen/ssd1306/ssd1306.adb:474:53" }
edge: { sourcename: "ssd1306__pixel__4" targetname: "__gnat_rcheck_CE_Overflow_Check" label: "/home/silvanosky/epita/ing3/ada/Adarrose/adarrose/Ada_Drivers_Library/repo/components/src/screen/ssd1306/ssd1306.adb:474:53" }
edge: { sourcename: "ssd1306__pixel__4" targetname: "memory_mapped_bitmap__height" label: "/home/silvanosky/epita/ing3/ada/Adarrose/adarrose/Ada_Drivers_Library/repo/components/src/screen/ssd1306/ssd1306.adb:474:41" }
edge: { sourcename: "ssd1306__pixel__4" targetname: "__gnat_rcheck_CE_Range_Check" label: "/home/silvanosky/epita/ing3/ada/Adarrose/adarrose/Ada_Drivers_Library/repo/components/src/screen/ssd1306/ssd1306.adb:473:52" }
edge: { sourcename: "ssd1306__pixel__4" targetname: "__gnat_rcheck_CE_Overflow_Check" label: "/home/silvanosky/epita/ing3/ada/Adarrose/adarrose/Ada_Drivers_Library/repo/components/src/screen/ssd1306/ssd1306.adb:473:52" }
edge: { sourcename: "ssd1306__pixel__4" targetname: "memory_mapped_bitmap__width" label: "/home/silvanosky/epita/ing3/ada/Adarrose/adarrose/Ada_Drivers_Library/repo/components/src/screen/ssd1306/ssd1306.adb:473:41" }
edge: { sourcename: "ssd1306__pixel__4" targetname: "__gnat_rcheck_PE_Access_Before_Elaboration" label: "/home/silvanosky/epita/ing3/ada/Adarrose/adarrose/Ada_Drivers_Library/repo/components/src/screen/ssd1306/ssd1306.adb:468:4" }
node: { title: "ssd1306__pixel__3" label: "PIXEL\n/home/silvanosky/epita/ing3/ada/Adarrose/adarrose/Ada_Drivers_Library/repo/components/src/screen/ssd1306/ssd1306.adb:454:4\n24 bytes (static)" }
edge: { sourcename: "ssd1306__pixel__3" targetname: "ssd1306__pixel__4" label: "/home/silvanosky/epita/ing3/ada/Adarrose/adarrose/Ada_Drivers_Library/repo/components/src/screen/ssd1306/ssd1306.adb:460:24" }
edge: { sourcename: "ssd1306__pixel__3" targetname: "__gnat_rcheck_PE_Access_Before_Elaboration" label: "/home/silvanosky/epita/ing3/ada/Adarrose/adarrose/Ada_Drivers_Library/repo/components/src/screen/ssd1306/ssd1306.adb:454:4" }
node: { title: "ssd1306__set_pixel__6" label: "SET_PIXEL\n/home/silvanosky/epita/ing3/ada/Adarrose/adarrose/Ada_Drivers_Library/repo/components/src/screen/ssd1306/ssd1306.adb:439:4\n24 bytes (static)" }
edge: { sourcename: "ssd1306__set_pixel__6" targetname: "ssd1306__set_pixel__4" label: "/home/silvanosky/epita/ing3/ada/Adarrose/adarrose/Ada_Drivers_Library/repo/components/src/screen/ssd1306/ssd1306.adb:446:13" }
edge: { sourcename: "ssd1306__set_pixel__6" targetname: "__gnat_rcheck_PE_Access_Before_Elaboration" label: "/home/silvanosky/epita/ing3/ada/Adarrose/adarrose/Ada_Drivers_Library/repo/components/src/screen/ssd1306/ssd1306.adb:439:4" }
node: { title: "ssd1306__set_pixel__5" label: "SET_PIXEL\n/home/silvanosky/epita/ing3/ada/Adarrose/adarrose/Ada_Drivers_Library/repo/components/src/screen/ssd1306/ssd1306.adb:425:4\n24 bytes (static)" }
edge: { sourcename: "ssd1306__set_pixel__5" targetname: "ssd1306__set_pixel__6" label: "/home/silvanosky/epita/ing3/ada/Adarrose/adarrose/Ada_Drivers_Library/repo/components/src/screen/ssd1306/ssd1306.adb:431:13" }
edge: { sourcename: "ssd1306__set_pixel__5" targetname: "__gnat_rcheck_PE_Access_Before_Elaboration" label: "/home/silvanosky/epita/ing3/ada/Adarrose/adarrose/Ada_Drivers_Library/repo/components/src/screen/ssd1306/ssd1306.adb:425:4" }
node: { title: "ssd1306__set_pixel__4" label: "SET_PIXEL\n/home/silvanosky/epita/ing3/ada/Adarrose/adarrose/Ada_Drivers_Library/repo/components/src/screen/ssd1306/ssd1306.adb:403:4\n40 bytes (static)" }
edge: { sourcename: "ssd1306__set_pixel__4" targetname: "__gnat_rcheck_CE_Index_Check" label: "/home/silvanosky/epita/ing3/ada/Adarrose/adarrose/Ada_Drivers_Library/repo/components/src/screen/ssd1306/ssd1306.adb:410:35" }
edge: { sourcename: "ssd1306__set_pixel__4" targetname: "__gnat_rcheck_CE_Overflow_Check" label: "/home/silvanosky/epita/ing3/ada/Adarrose/adarrose/Ada_Drivers_Library/repo/components/src/screen/ssd1306/ssd1306.adb:410:60" }
edge: { sourcename: "ssd1306__set_pixel__4" targetname: "__gnat_rcheck_CE_Range_Check" label: "/home/silvanosky/epita/ing3/ada/Adarrose/adarrose/Ada_Drivers_Library/repo/components/src/screen/ssd1306/ssd1306.adb:409:37" }
edge: { sourcename: "ssd1306__set_pixel__4" targetname: "__gnat_rcheck_CE_Overflow_Check" label: "/home/silvanosky/epita/ing3/ada/Adarrose/adarrose/Ada_Drivers_Library/repo/components/src/screen/ssd1306/ssd1306.adb:409:37" }
edge: { sourcename: "ssd1306__set_pixel__4" targetname: "__gnat_rcheck_CE_Overflow_Check" label: "/home/silvanosky/epita/ing3/ada/Adarrose/adarrose/Ada_Drivers_Library/repo/components/src/screen/ssd1306/ssd1306.adb:409:47" }
edge: { sourcename: "ssd1306__set_pixel__4" targetname: "__gnat_rcheck_CE_Range_Check" label: "/home/silvanosky/epita/ing3/ada/Adarrose/adarrose/Ada_Drivers_Library/repo/components/src/screen/ssd1306/ssd1306.adb:408:53" }
edge: { sourcename: "ssd1306__set_pixel__4" targetname: "__gnat_rcheck_CE_Overflow_Check" label: "/home/silvanosky/epita/ing3/ada/Adarrose/adarrose/Ada_Drivers_Library/repo/components/src/screen/ssd1306/ssd1306.adb:408:53" }
edge: { sourcename: "ssd1306__set_pixel__4" targetname: "memory_mapped_bitmap__height" label: "/home/silvanosky/epita/ing3/ada/Adarrose/adarrose/Ada_Drivers_Library/repo/components/src/screen/ssd1306/ssd1306.adb:408:41" }
edge: { sourcename: "ssd1306__set_pixel__4" targetname: "__gnat_rcheck_CE_Range_Check" label: "/home/silvanosky/epita/ing3/ada/Adarrose/adarrose/Ada_Drivers_Library/repo/components/src/screen/ssd1306/ssd1306.adb:407:52" }
edge: { sourcename: "ssd1306__set_pixel__4" targetname: "__gnat_rcheck_CE_Overflow_Check" label: "/home/silvanosky/epita/ing3/ada/Adarrose/adarrose/Ada_Drivers_Library/repo/components/src/screen/ssd1306/ssd1306.adb:407:52" }
edge: { sourcename: "ssd1306__set_pixel__4" targetname: "memory_mapped_bitmap__width" label: "/home/silvanosky/epita/ing3/ada/Adarrose/adarrose/Ada_Drivers_Library/repo/components/src/screen/ssd1306/ssd1306.adb:407:41" }
edge: { sourcename: "ssd1306__set_pixel__4" targetname: "__gnat_rcheck_PE_Access_Before_Elaboration" label: "/home/silvanosky/epita/ing3/ada/Adarrose/adarrose/Ada_Drivers_Library/repo/components/src/screen/ssd1306/ssd1306.adb:403:4" }
node: { title: "ssd1306__pixel_size" label: "PIXEL_SIZE\n/home/silvanosky/epita/ing3/ada/Adarrose/adarrose/Ada_Drivers_Library/repo/components/src/screen/ssd1306/ssd1306.adb:394:4\n16 bytes (static)" }
node: { title: "ssd1306__hidden_buffer" label: "HIDDEN_BUFFER\n/home/silvanosky/epita/ing3/ada/Adarrose/adarrose/Ada_Drivers_Library/repo/components/src/screen/ssd1306/ssd1306.adb:378:4\n16 bytes (static)" }
edge: { sourcename: "ssd1306__hidden_buffer" targetname: "__gnat_rcheck_PE_Explicit_Raise" label: "/home/silvanosky/epita/ing3/ada/Adarrose/adarrose/Ada_Drivers_Library/repo/components/src/screen/ssd1306/ssd1306.adb:384:10" }
edge: { sourcename: "ssd1306__hidden_buffer" targetname: "__gnat_rcheck_PE_Access_Before_Elaboration" label: "/home/silvanosky/epita/ing3/ada/Adarrose/adarrose/Ada_Drivers_Library/repo/components/src/screen/ssd1306/ssd1306.adb:378:4" }
node: { title: "ssd1306__color_mode" label: "COLOR_MODE\n/home/silvanosky/epita/ing3/ada/Adarrose/adarrose/Ada_Drivers_Library/repo/components/src/screen/ssd1306/ssd1306.adb:361:4\n16 bytes (static)" }
edge: { sourcename: "ssd1306__color_mode" targetname: "__gnat_rcheck_PE_Explicit_Raise" label: "/home/silvanosky/epita/ing3/ada/Adarrose/adarrose/Ada_Drivers_Library/repo/components/src/screen/ssd1306/ssd1306.adb:368:10" }
edge: { sourcename: "ssd1306__color_mode" targetname: "__gnat_rcheck_PE_Access_Before_Elaboration" label: "/home/silvanosky/epita/ing3/ada/Adarrose/adarrose/Ada_Drivers_Library/repo/components/src/screen/ssd1306/ssd1306.adb:361:4" }
node: { title: "ssd1306__update_layers" label: "UPDATE_LAYERS\n/home/silvanosky/epita/ing3/ada/Adarrose/adarrose/Ada_Drivers_Library/repo/components/src/screen/ssd1306/ssd1306.adb:349:4\n16 bytes (static)" }
edge: { sourcename: "ssd1306__update_layers" targetname: "ssd1306__update_layer" label: "/home/silvanosky/epita/ing3/ada/Adarrose/adarrose/Ada_Drivers_Library/repo/components/src/screen/ssd1306/ssd1306.adb:353:11" }
edge: { sourcename: "ssd1306__update_layers" targetname: "__gnat_rcheck_PE_Access_Before_Elaboration" label: "/home/silvanosky/epita/ing3/ada/Adarrose/adarrose/Ada_Drivers_Library/repo/components/src/screen/ssd1306/ssd1306.adb:349:4" }
node: { title: "ssd1306__update_layer" label: "UPDATE_LAYER\n/home/silvanosky/epita/ing3/ada/Adarrose/adarrose/Ada_Drivers_Library/repo/components/src/screen/ssd1306/ssd1306.adb:330:4\n40 bytes (static)" }
edge: { sourcename: "ssd1306__update_layer" targetname: "ssd1306__write_raw_pixels" label: "/home/silvanosky/epita/ing3/ada/Adarrose/adarrose/Ada_Drivers_Library/repo/components/src/screen/ssd1306/ssd1306.adb:341:11" }
edge: { sourcename: "ssd1306__update_layer" targetname: "__gnat_rcheck_PE_Explicit_Raise" label: "/home/silvanosky/epita/ing3/ada/Adarrose/adarrose/Ada_Drivers_Library/repo/components/src/screen/ssd1306/ssd1306.adb:338:10" }
edge: { sourcename: "ssd1306__update_layer" targetname: "__gnat_rcheck_PE_Access_Before_Elaboration" label: "/home/silvanosky/epita/ing3/ada/Adarrose/adarrose/Ada_Drivers_Library/repo/components/src/screen/ssd1306/ssd1306.adb:330:4" }
node: { title: "ssd1306__initialized__2" label: "INITIALIZED\n/home/silvanosky/epita/ing3/ada/Adarrose/adarrose/Ada_Drivers_Library/repo/components/src/screen/ssd1306/ssd1306.adb:317:4\n16 bytes (static)" }
edge: { sourcename: "ssd1306__initialized__2" targetname: "__gnat_rcheck_PE_Access_Before_Elaboration" label: "/home/silvanosky/epita/ing3/ada/Adarrose/adarrose/Ada_Drivers_Library/repo/components/src/screen/ssd1306/ssd1306.adb:317:4" }
node: { title: "ssd1306__initialize_layer" label: "INITIALIZE_LAYER\n/home/silvanosky/epita/ing3/ada/Adarrose/adarrose/Ada_Drivers_Library/repo/components/src/screen/ssd1306/ssd1306.adb:291:4\n24 bytes (static)" }
edge: { sourcename: "ssd1306__initialize_layer" targetname: "__gnat_rcheck_PE_Explicit_Raise" label: "/home/silvanosky/epita/ing3/ada/Adarrose/adarrose/Ada_Drivers_Library/repo/components/src/screen/ssd1306/ssd1306.adb:303:10" }
edge: { sourcename: "ssd1306__initialize_layer" targetname: "__gnat_rcheck_PE_Access_Before_Elaboration" label: "/home/silvanosky/epita/ing3/ada/Adarrose/adarrose/Ada_Drivers_Library/repo/components/src/screen/ssd1306/ssd1306.adb:291:4" }
node: { title: "ssd1306__set_background" label: "SET_BACKGROUND\n/home/silvanosky/epita/ing3/ada/Adarrose/adarrose/Ada_Drivers_Library/repo/components/src/screen/ssd1306/ssd1306.adb:278:4\n16 bytes (static)" }
edge: { sourcename: "ssd1306__set_background" targetname: "__gnat_rcheck_PE_Explicit_Raise" label: "/home/silvanosky/epita/ing3/ada/Adarrose/adarrose/Ada_Drivers_Library/repo/components/src/screen/ssd1306/ssd1306.adb:283:7" }
edge: { sourcename: "ssd1306__set_background" targetname: "__gnat_rcheck_PE_Access_Before_Elaboration" label: "/home/silvanosky/epita/ing3/ada/Adarrose/adarrose/Ada_Drivers_Library/repo/components/src/screen/ssd1306/ssd1306.adb:278:4" }
node: { title: "ssd1306__swapped" label: "SWAPPED\n/home/silvanosky/epita/ing3/ada/Adarrose/adarrose/Ada_Drivers_Library/repo/components/src/screen/ssd1306/ssd1306.adb:270:4\n16 bytes (static)" }
node: { title: "ssd1306__height" label: "HEIGHT\n/home/silvanosky/epita/ing3/ada/Adarrose/adarrose/Ada_Drivers_Library/repo/components/src/screen/ssd1306/ssd1306.adb:262:4\n16 bytes (static)" }
node: { title: "ssd1306__width" label: "WIDTH\n/home/silvanosky/epita/ing3/ada/Adarrose/adarrose/Ada_Drivers_Library/repo/components/src/screen/ssd1306/ssd1306.adb:254:4\n16 bytes (static)" }
node: { title: "ssd1306__set_mode" label: "SET_MODE\n/home/silvanosky/epita/ing3/ada/Adarrose/adarrose/Ada_Drivers_Library/repo/components/src/screen/ssd1306/ssd1306.adb:241:4\n16 bytes (static)" }
edge: { sourcename: "ssd1306__set_mode" targetname: "__gnat_rcheck_PE_Access_Before_Elaboration" label: "/home/silvanosky/epita/ing3/ada/Adarrose/adarrose/Ada_Drivers_Library/repo/components/src/screen/ssd1306/ssd1306.adb:241:4" }
node: { title: "ssd1306__set_orientation" label: "SET_ORIENTATION\n/home/silvanosky/epita/ing3/ada/Adarrose/adarrose/Ada_Drivers_Library/repo/components/src/screen/ssd1306/ssd1306.adb:228:4\n16 bytes (static)" }
edge: { sourcename: "ssd1306__set_orientation" targetname: "__gnat_rcheck_PE_Access_Before_Elaboration" label: "/home/silvanosky/epita/ing3/ada/Adarrose/adarrose/Ada_Drivers_Library/repo/components/src/screen/ssd1306/ssd1306.adb:228:4" }
node: { title: "ssd1306__supported" label: "SUPPORTED\n/home/silvanosky/epita/ing3/ada/Adarrose/adarrose/Ada_Drivers_Library/repo/components/src/screen/ssd1306/ssd1306.adb:218:4\n16 bytes (static)" }
node: { title: "ssd1306__max_layers" label: "MAX_LAYERS\n/home/silvanosky/epita/ing3/ada/Adarrose/adarrose/Ada_Drivers_Library/repo/components/src/screen/ssd1306/ssd1306.adb:210:4\n16 bytes (static)" }
node: { title: "ssd1306__write_raw_pixels" label: "WRITE_RAW_PIXELS\n/home/silvanosky/epita/ing3/ada/Adarrose/adarrose/Ada_Drivers_Library/repo/components/src/screen/ssd1306/ssd1306.adb:190:4\n64 bytes (dynamic)" }
edge: { sourcename: "ssd1306__write_raw_pixels" targetname: "/home/silvanosky/epita/ing3/ada/Adarrose/adarrose/Ada_Drivers_Library/repo/components/src/screen/ssd1306/ssd1306.adb:ssd1306__write_data" label: "/home/silvanosky/epita/ing3/ada/Adarrose/adarrose/Ada_Drivers_Library/repo/components/src/screen/ssd1306/ssd1306.adb:202:7" }
edge: { sourcename: "ssd1306__write_raw_pixels" targetname: "memcpy" }
edge: { sourcename: "ssd1306__write_raw_pixels" targetname: "/home/silvanosky/epita/ing3/ada/Adarrose/adarrose/Ada_Drivers_Library/repo/components/src/screen/ssd1306/ssd1306.adb:ssd1306__write_command" label: "/home/silvanosky/epita/ing3/ada/Adarrose/adarrose/Ada_Drivers_Library/repo/components/src/screen/ssd1306/ssd1306.adb:200:7" }
edge: { sourcename: "ssd1306__write_raw_pixels" targetname: "__gnat_rcheck_CE_Range_Check" label: "/home/silvanosky/epita/ing3/ada/Adarrose/adarrose/Ada_Drivers_Library/repo/components/src/screen/ssd1306/ssd1306.adb:200:47" }
edge: { sourcename: "ssd1306__write_raw_pixels" targetname: "/home/silvanosky/epita/ing3/ada/Adarrose/adarrose/Ada_Drivers_Library/repo/components/src/screen/ssd1306/ssd1306.adb:ssd1306__write_command" label: "/home/silvanosky/epita/ing3/ada/Adarrose/adarrose/Ada_Drivers_Library/repo/components/src/screen/ssd1306/ssd1306.adb:199:7" }
edge: { sourcename: "ssd1306__write_raw_pixels" targetname: "/home/silvanosky/epita/ing3/ada/Adarrose/adarrose/Ada_Drivers_Library/repo/components/src/screen/ssd1306/ssd1306.adb:ssd1306__write_command" label: "/home/silvanosky/epita/ing3/ada/Adarrose/adarrose/Ada_Drivers_Library/repo/components/src/screen/ssd1306/ssd1306.adb:198:7" }
edge: { sourcename: "ssd1306__write_raw_pixels" targetname: "/home/silvanosky/epita/ing3/ada/Adarrose/adarrose/Ada_Drivers_Library/repo/components/src/screen/ssd1306/ssd1306.adb:ssd1306__write_command" label: "/home/silvanosky/epita/ing3/ada/Adarrose/adarrose/Ada_Drivers_Library/repo/components/src/screen/ssd1306/ssd1306.adb:196:7" }
edge: { sourcename: "ssd1306__write_raw_pixels" targetname: "__gnat_rcheck_CE_Range_Check" label: "/home/silvanosky/epita/ing3/ada/Adarrose/adarrose/Ada_Drivers_Library/repo/components/src/screen/ssd1306/ssd1306.adb:196:46" }
edge: { sourcename: "ssd1306__write_raw_pixels" targetname: "/home/silvanosky/epita/ing3/ada/Adarrose/adarrose/Ada_Drivers_Library/repo/components/src/screen/ssd1306/ssd1306.adb:ssd1306__write_command" label: "/home/silvanosky/epita/ing3/ada/Adarrose/adarrose/Ada_Drivers_Library/repo/components/src/screen/ssd1306/ssd1306.adb:195:7" }
edge: { sourcename: "ssd1306__write_raw_pixels" targetname: "/home/silvanosky/epita/ing3/ada/Adarrose/adarrose/Ada_Drivers_Library/repo/components/src/screen/ssd1306/ssd1306.adb:ssd1306__write_command" label: "/home/silvanosky/epita/ing3/ada/Adarrose/adarrose/Ada_Drivers_Library/repo/components/src/screen/ssd1306/ssd1306.adb:194:7" }
edge: { sourcename: "ssd1306__write_raw_pixels" targetname: "__gnat_rcheck_PE_Access_Before_Elaboration" label: "/home/silvanosky/epita/ing3/ada/Adarrose/adarrose/Ada_Drivers_Library/repo/components/src/screen/ssd1306/ssd1306.adb:190:4" }
node: { title: "ssd1306__display_inversion_off" label: "DISPLAY_INVERSION_OFF\n/home/silvanosky/epita/ing3/ada/Adarrose/adarrose/Ada_Drivers_Library/repo/components/src/screen/ssd1306/ssd1306.adb:181:4\n16 bytes (static)" }
edge: { sourcename: "ssd1306__display_inversion_off" targetname: "/home/silvanosky/epita/ing3/ada/Adarrose/adarrose/Ada_Drivers_Library/repo/components/src/screen/ssd1306/ssd1306.adb:ssd1306__write_command" label: "/home/silvanosky/epita/ing3/ada/Adarrose/adarrose/Ada_Drivers_Library/repo/components/src/screen/ssd1306/ssd1306.adb:183:7" }
edge: { sourcename: "ssd1306__display_inversion_off" targetname: "__gnat_rcheck_PE_Access_Before_Elaboration" label: "/home/silvanosky/epita/ing3/ada/Adarrose/adarrose/Ada_Drivers_Library/repo/components/src/screen/ssd1306/ssd1306.adb:181:4" }
node: { title: "ssd1306__display_inversion_on" label: "DISPLAY_INVERSION_ON\n/home/silvanosky/epita/ing3/ada/Adarrose/adarrose/Ada_Drivers_Library/repo/components/src/screen/ssd1306/ssd1306.adb:171:4\n16 bytes (static)" }
edge: { sourcename: "ssd1306__display_inversion_on" targetname: "/home/silvanosky/epita/ing3/ada/Adarrose/adarrose/Ada_Drivers_Library/repo/components/src/screen/ssd1306/ssd1306.adb:ssd1306__write_command" label: "/home/silvanosky/epita/ing3/ada/Adarrose/adarrose/Ada_Drivers_Library/repo/components/src/screen/ssd1306/ssd1306.adb:173:7" }
edge: { sourcename: "ssd1306__display_inversion_on" targetname: "__gnat_rcheck_PE_Access_Before_Elaboration" label: "/home/silvanosky/epita/ing3/ada/Adarrose/adarrose/Ada_Drivers_Library/repo/components/src/screen/ssd1306/ssd1306.adb:171:4" }
node: { title: "ssd1306__turn_off" label: "TURN_OFF\n/home/silvanosky/epita/ing3/ada/Adarrose/adarrose/Ada_Drivers_Library/repo/components/src/screen/ssd1306/ssd1306.adb:161:4\n16 bytes (static)" }
edge: { sourcename: "ssd1306__turn_off" targetname: "/home/silvanosky/epita/ing3/ada/Adarrose/adarrose/Ada_Drivers_Library/repo/components/src/screen/ssd1306/ssd1306.adb:ssd1306__write_command" label: "/home/silvanosky/epita/ing3/ada/Adarrose/adarrose/Ada_Drivers_Library/repo/components/src/screen/ssd1306/ssd1306.adb:163:7" }
edge: { sourcename: "ssd1306__turn_off" targetname: "__gnat_rcheck_PE_Access_Before_Elaboration" label: "/home/silvanosky/epita/ing3/ada/Adarrose/adarrose/Ada_Drivers_Library/repo/components/src/screen/ssd1306/ssd1306.adb:161:4" }
node: { title: "ssd1306__turn_on" label: "TURN_ON\n/home/silvanosky/epita/ing3/ada/Adarrose/adarrose/Ada_Drivers_Library/repo/components/src/screen/ssd1306/ssd1306.adb:152:4\n16 bytes (static)" }
edge: { sourcename: "ssd1306__turn_on" targetname: "/home/silvanosky/epita/ing3/ada/Adarrose/adarrose/Ada_Drivers_Library/repo/components/src/screen/ssd1306/ssd1306.adb:ssd1306__write_command" label: "/home/silvanosky/epita/ing3/ada/Adarrose/adarrose/Ada_Drivers_Library/repo/components/src/screen/ssd1306/ssd1306.adb:154:7" }
edge: { sourcename: "ssd1306__turn_on" targetname: "__gnat_rcheck_PE_Access_Before_Elaboration" label: "/home/silvanosky/epita/ing3/ada/Adarrose/adarrose/Ada_Drivers_Library/repo/components/src/screen/ssd1306/ssd1306.adb:152:4" }
node: { title: "ssd1306__initialized" label: "INITIALIZED\n/home/silvanosky/epita/ing3/ada/Adarrose/adarrose/Ada_Drivers_Library/repo/components/src/screen/ssd1306/ssd1306.adb:145:4\n16 bytes (static)" }
node: { title: "ssd1306__initialize" label: "INITIALIZE\n/home/silvanosky/epita/ing3/ada/Adarrose/adarrose/Ada_Drivers_Library/repo/components/src/screen/ssd1306/ssd1306.adb:80:4\n32 bytes (static)" }
edge: { sourcename: "ssd1306__initialize" targetname: "/home/silvanosky/epita/ing3/ada/Adarrose/adarrose/Ada_Drivers_Library/repo/components/src/screen/ssd1306/ssd1306.adb:ssd1306__write_command" label: "/home/silvanosky/epita/ing3/ada/Adarrose/adarrose/Ada_Drivers_Library/repo/components/src/screen/ssd1306/ssd1306.adb:135:7" }
edge: { sourcename: "ssd1306__initialize" targetname: "/home/silvanosky/epita/ing3/ada/Adarrose/adarrose/Ada_Drivers_Library/repo/components/src/screen/ssd1306/ssd1306.adb:ssd1306__write_command" label: "/home/silvanosky/epita/ing3/ada/Adarrose/adarrose/Ada_Drivers_Library/repo/components/src/screen/ssd1306/ssd1306.adb:134:7" }
edge: { sourcename: "ssd1306__initialize" targetname: "/home/silvanosky/epita/ing3/ada/Adarrose/adarrose/Ada_Drivers_Library/repo/components/src/screen/ssd1306/ssd1306.adb:ssd1306__write_command" label: "/home/silvanosky/epita/ing3/ada/Adarrose/adarrose/Ada_Drivers_Library/repo/components/src/screen/ssd1306/ssd1306.adb:133:7" }
edge: { sourcename: "ssd1306__initialize" targetname: "/home/silvanosky/epita/ing3/ada/Adarrose/adarrose/Ada_Drivers_Library/repo/components/src/screen/ssd1306/ssd1306.adb:ssd1306__write_command" label: "/home/silvanosky/epita/ing3/ada/Adarrose/adarrose/Ada_Drivers_Library/repo/components/src/screen/ssd1306/ssd1306.adb:131:7" }
edge: { sourcename: "ssd1306__initialize" targetname: "/home/silvanosky/epita/ing3/ada/Adarrose/adarrose/Ada_Drivers_Library/repo/components/src/screen/ssd1306/ssd1306.adb:ssd1306__write_command" label: "/home/silvanosky/epita/ing3/ada/Adarrose/adarrose/Ada_Drivers_Library/repo/components/src/screen/ssd1306/ssd1306.adb:130:7" }
edge: { sourcename: "ssd1306__initialize" targetname: "/home/silvanosky/epita/ing3/ada/Adarrose/adarrose/Ada_Drivers_Library/repo/components/src/screen/ssd1306/ssd1306.adb:ssd1306__write_command" label: "/home/silvanosky/epita/ing3/ada/Adarrose/adarrose/Ada_Drivers_Library/repo/components/src/screen/ssd1306/ssd1306.adb:128:7" }
edge: { sourcename: "ssd1306__initialize" targetname: "/home/silvanosky/epita/ing3/ada/Adarrose/adarrose/Ada_Drivers_Library/repo/components/src/screen/ssd1306/ssd1306.adb:ssd1306__write_command" label: "/home/silvanosky/epita/ing3/ada/Adarrose/adarrose/Ada_Drivers_Library/repo/components/src/screen/ssd1306/ssd1306.adb:127:7" }
edge: { sourcename: "ssd1306__initialize" targetname: "/home/silvanosky/epita/ing3/ada/Adarrose/adarrose/Ada_Drivers_Library/repo/components/src/screen/ssd1306/ssd1306.adb:ssd1306__write_command" label: "/home/silvanosky/epita/ing3/ada/Adarrose/adarrose/Ada_Drivers_Library/repo/components/src/screen/ssd1306/ssd1306.adb:125:7" }
edge: { sourcename: "ssd1306__initialize" targetname: "/home/silvanosky/epita/ing3/ada/Adarrose/adarrose/Ada_Drivers_Library/repo/components/src/screen/ssd1306/ssd1306.adb:ssd1306__write_command" label: "/home/silvanosky/epita/ing3/ada/Adarrose/adarrose/Ada_Drivers_Library/repo/components/src/screen/ssd1306/ssd1306.adb:124:7" }
edge: { sourcename: "ssd1306__initialize" targetname: "/home/silvanosky/epita/ing3/ada/Adarrose/adarrose/Ada_Drivers_Library/repo/components/src/screen/ssd1306/ssd1306.adb:ssd1306__write_command" label: "/home/silvanosky/epita/ing3/ada/Adarrose/adarrose/Ada_Drivers_Library/repo/components/src/screen/ssd1306/ssd1306.adb:121:10" }
edge: { sourcename: "ssd1306__initialize" targetname: "/home/silvanosky/epita/ing3/ada/Adarrose/adarrose/Ada_Drivers_Library/repo/components/src/screen/ssd1306/ssd1306.adb:ssd1306__write_command" label: "/home/silvanosky/epita/ing3/ada/Adarrose/adarrose/Ada_Drivers_Library/repo/components/src/screen/ssd1306/ssd1306.adb:119:10" }
edge: { sourcename: "ssd1306__initialize" targetname: "/home/silvanosky/epita/ing3/ada/Adarrose/adarrose/Ada_Drivers_Library/repo/components/src/screen/ssd1306/ssd1306.adb:ssd1306__write_command" label: "/home/silvanosky/epita/ing3/ada/Adarrose/adarrose/Ada_Drivers_Library/repo/components/src/screen/ssd1306/ssd1306.adb:117:7" }
edge: { sourcename: "ssd1306__initialize" targetname: "/home/silvanosky/epita/ing3/ada/Adarrose/adarrose/Ada_Drivers_Library/repo/components/src/screen/ssd1306/ssd1306.adb:ssd1306__write_command" label: "/home/silvanosky/epita/ing3/ada/Adarrose/adarrose/Ada_Drivers_Library/repo/components/src/screen/ssd1306/ssd1306.adb:115:7" }
edge: { sourcename: "ssd1306__initialize" targetname: "/home/silvanosky/epita/ing3/ada/Adarrose/adarrose/Ada_Drivers_Library/repo/components/src/screen/ssd1306/ssd1306.adb:ssd1306__write_command" label: "/home/silvanosky/epita/ing3/ada/Adarrose/adarrose/Ada_Drivers_Library/repo/components/src/screen/ssd1306/ssd1306.adb:113:7" }
edge: { sourcename: "ssd1306__initialize" targetname: "/home/silvanosky/epita/ing3/ada/Adarrose/adarrose/Ada_Drivers_Library/repo/components/src/screen/ssd1306/ssd1306.adb:ssd1306__write_command" label: "/home/silvanosky/epita/ing3/ada/Adarrose/adarrose/Ada_Drivers_Library/repo/components/src/screen/ssd1306/ssd1306.adb:111:7" }
edge: { sourcename: "ssd1306__initialize" targetname: "/home/silvanosky/epita/ing3/ada/Adarrose/adarrose/Ada_Drivers_Library/repo/components/src/screen/ssd1306/ssd1306.adb:ssd1306__write_command" label: "/home/silvanosky/epita/ing3/ada/Adarrose/adarrose/Ada_Drivers_Library/repo/components/src/screen/ssd1306/ssd1306.adb:110:7" }
edge: { sourcename: "ssd1306__initialize" targetname: "/home/silvanosky/epita/ing3/ada/Adarrose/adarrose/Ada_Drivers_Library/repo/components/src/screen/ssd1306/ssd1306.adb:ssd1306__write_command" label: "/home/silvanosky/epita/ing3/ada/Adarrose/adarrose/Ada_Drivers_Library/repo/components/src/screen/ssd1306/ssd1306.adb:108:7" }
edge: { sourcename: "ssd1306__initialize" targetname: "/home/silvanosky/epita/ing3/ada/Adarrose/adarrose/Ada_Drivers_Library/repo/components/src/screen/ssd1306/ssd1306.adb:ssd1306__write_command" label: "/home/silvanosky/epita/ing3/ada/Adarrose/adarrose/Ada_Drivers_Library/repo/components/src/screen/ssd1306/ssd1306.adb:107:7" }
edge: { sourcename: "ssd1306__initialize" targetname: "/home/silvanosky/epita/ing3/ada/Adarrose/adarrose/Ada_Drivers_Library/repo/components/src/screen/ssd1306/ssd1306.adb:ssd1306__write_command" label: "/home/silvanosky/epita/ing3/ada/Adarrose/adarrose/Ada_Drivers_Library/repo/components/src/screen/ssd1306/ssd1306.adb:105:7" }
edge: { sourcename: "ssd1306__initialize" targetname: "/home/silvanosky/epita/ing3/ada/Adarrose/adarrose/Ada_Drivers_Library/repo/components/src/screen/ssd1306/ssd1306.adb:ssd1306__write_command" label: "/home/silvanosky/epita/ing3/ada/Adarrose/adarrose/Ada_Drivers_Library/repo/components/src/screen/ssd1306/ssd1306.adb:103:7" }
edge: { sourcename: "ssd1306__initialize" targetname: "/home/silvanosky/epita/ing3/ada/Adarrose/adarrose/Ada_Drivers_Library/repo/components/src/screen/ssd1306/ssd1306.adb:ssd1306__write_command" label: "/home/silvanosky/epita/ing3/ada/Adarrose/adarrose/Ada_Drivers_Library/repo/components/src/screen/ssd1306/ssd1306.adb:102:7" }
edge: { sourcename: "ssd1306__initialize" targetname: "/home/silvanosky/epita/ing3/ada/Adarrose/adarrose/Ada_Drivers_Library/repo/components/src/screen/ssd1306/ssd1306.adb:ssd1306__write_command" label: "/home/silvanosky/epita/ing3/ada/Adarrose/adarrose/Ada_Drivers_Library/repo/components/src/screen/ssd1306/ssd1306.adb:100:7" }
edge: { sourcename: "ssd1306__initialize" targetname: "__gnat_rcheck_CE_Range_Check" label: "/home/silvanosky/epita/ing3/ada/Adarrose/adarrose/Ada_Drivers_Library/repo/components/src/screen/ssd1306/ssd1306.adb:100:47" }
edge: { sourcename: "ssd1306__initialize" targetname: "/home/silvanosky/epita/ing3/ada/Adarrose/adarrose/Ada_Drivers_Library/repo/components/src/screen/ssd1306/ssd1306.adb:ssd1306__write_command" label: "/home/silvanosky/epita/ing3/ada/Adarrose/adarrose/Ada_Drivers_Library/repo/components/src/screen/ssd1306/ssd1306.adb:99:7" }
edge: { sourcename: "ssd1306__initialize" targetname: "/home/silvanosky/epita/ing3/ada/Adarrose/adarrose/Ada_Drivers_Library/repo/components/src/screen/ssd1306/ssd1306.adb:ssd1306__write_command" label: "/home/silvanosky/epita/ing3/ada/Adarrose/adarrose/Ada_Drivers_Library/repo/components/src/screen/ssd1306/ssd1306.adb:97:7" }
edge: { sourcename: "ssd1306__initialize" targetname: "/home/silvanosky/epita/ing3/ada/Adarrose/adarrose/Ada_Drivers_Library/repo/components/src/screen/ssd1306/ssd1306.adb:ssd1306__write_command" label: "/home/silvanosky/epita/ing3/ada/Adarrose/adarrose/Ada_Drivers_Library/repo/components/src/screen/ssd1306/ssd1306.adb:96:7" }
edge: { sourcename: "ssd1306__initialize" targetname: "/home/silvanosky/epita/ing3/ada/Adarrose/adarrose/Ada_Drivers_Library/repo/components/src/screen/ssd1306/ssd1306.adb:ssd1306__write_command" label: "/home/silvanosky/epita/ing3/ada/Adarrose/adarrose/Ada_Drivers_Library/repo/components/src/screen/ssd1306/ssd1306.adb:94:7" }
edge: { sourcename: "ssd1306__initialize" targetname: "__indirect_call" label: "/home/silvanosky/epita/ing3/ada/Adarrose/adarrose/Ada_Drivers_Library/repo/components/src/screen/ssd1306/ssd1306.adb:92:16" }
node: { title: "__indirect_call" label: "Indirect Call Placeholder" shape : ellipse }
edge: { sourcename: "ssd1306__initialize" targetname: "__indirect_call" label: "/home/silvanosky/epita/ing3/ada/Adarrose/adarrose/Ada_Drivers_Library/repo/components/src/screen/ssd1306/ssd1306.adb:91:15" }
edge: { sourcename: "ssd1306__initialize" targetname: "__indirect_call" label: "/home/silvanosky/epita/ing3/ada/Adarrose/adarrose/Ada_Drivers_Library/repo/components/src/screen/ssd1306/ssd1306.adb:90:16" }
edge: { sourcename: "ssd1306__initialize" targetname: "__indirect_call" label: "/home/silvanosky/epita/ing3/ada/Adarrose/adarrose/Ada_Drivers_Library/repo/components/src/screen/ssd1306/ssd1306.adb:89:15" }
edge: { sourcename: "ssd1306__initialize" targetname: "__gnat_raise_exception" label: "/home/silvanosky/epita/ing3/ada/Adarrose/adarrose/Ada_Drivers_Library/repo/components/src/screen/ssd1306/ssd1306.adb:86:10" }
edge: { sourcename: "ssd1306__initialize" targetname: "__gnat_rcheck_CE_Overflow_Check" label: "/home/silvanosky/epita/ing3/ada/Adarrose/adarrose/Ada_Drivers_Library/repo/components/src/screen/ssd1306/ssd1306.adb:85:64" }
edge: { sourcename: "ssd1306__initialize" targetname: "__gnat_rcheck_CE_Overflow_Check" label: "/home/silvanosky/epita/ing3/ada/Adarrose/adarrose/Ada_Drivers_Library/repo/components/src/screen/ssd1306/ssd1306.adb:85:21" }
edge: { sourcename: "ssd1306__initialize" targetname: "__gnat_rcheck_PE_Access_Before_Elaboration" label: "/home/silvanosky/epita/ing3/ada/Adarrose/adarrose/Ada_Drivers_Library/repo/components/src/screen/ssd1306/ssd1306.adb:80:4" }
node: { title: "/home/silvanosky/epita/ing3/ada/Adarrose/adarrose/Ada_Drivers_Library/repo/components/src/screen/ssd1306/ssd1306.adb:ssd1306__write_data" label: "WRITE_DATA\n/home/silvanosky/epita/ing3/ada/Adarrose/adarrose/Ada_Drivers_Library/repo/components/src/screen/ssd1306/ssd1306.adb:62:4\n48 bytes (static)" }
edge: { sourcename: "/home/silvanosky/epita/ing3/ada/Adarrose/adarrose/Ada_Drivers_Library/repo/components/src/screen/ssd1306/ssd1306.adb:ssd1306__write_data" targetname: "__gnat_rcheck_PE_Explicit_Raise" label: "/home/silvanosky/epita/ing3/ada/Adarrose/adarrose/Ada_Drivers_Library/repo/components/src/screen/ssd1306/ssd1306.adb:72:10" }
edge: { sourcename: "/home/silvanosky/epita/ing3/ada/Adarrose/adarrose/Ada_Drivers_Library/repo/components/src/screen/ssd1306/ssd1306.adb:ssd1306__write_data" targetname: "__indirect_call" label: "/home/silvanosky/epita/ing3/ada/Adarrose/adarrose/Ada_Drivers_Library/repo/components/src/screen/ssd1306/ssd1306.adb:67:16" }
node: { title: "/home/silvanosky/epita/ing3/ada/Adarrose/adarrose/Ada_Drivers_Library/repo/components/src/screen/ssd1306/ssd1306.adb:ssd1306__write_command" label: "WRITE_COMMAND\n/home/silvanosky/epita/ing3/ada/Adarrose/adarrose/Ada_Drivers_Library/repo/components/src/screen/ssd1306/ssd1306.adb:44:4\n48 bytes (static)" }
edge: { sourcename: "/home/silvanosky/epita/ing3/ada/Adarrose/adarrose/Ada_Drivers_Library/repo/components/src/screen/ssd1306/ssd1306.adb:ssd1306__write_command" targetname: "__gnat_rcheck_PE_Explicit_Raise" label: "/home/silvanosky/epita/ing3/ada/Adarrose/adarrose/Ada_Drivers_Library/repo/components/src/screen/ssd1306/ssd1306.adb:54:10" }
edge: { sourcename: "/home/silvanosky/epita/ing3/ada/Adarrose/adarrose/Ada_Drivers_Library/repo/components/src/screen/ssd1306/ssd1306.adb:ssd1306__write_command" targetname: "__indirect_call" label: "/home/silvanosky/epita/ing3/ada/Adarrose/adarrose/Ada_Drivers_Library/repo/components/src/screen/ssd1306/ssd1306.adb:49:16" }
node: { title: "ssd1306__finalize_spec" label: "FINALIZE_SPEC\n/home/silvanosky/epita/ing3/ada/Adarrose/adarrose/Ada_Drivers_Library/repo/components/src/screen/ssd1306/ssd1306.ads:42:1\n16 bytes (static)" }
edge: { sourcename: "ssd1306__finalize_spec" targetname: "__gnat_end_handler" label: "/home/silvanosky/epita/ing3/ada/Adarrose/adarrose/Ada_Drivers_Library/repo/components/src/screen/ssd1306/ssd1306.ads:42:1" }
edge: { sourcename: "ssd1306__finalize_spec" targetname: "__gnat_begin_handler" label: "/home/silvanosky/epita/ing3/ada/Adarrose/adarrose/Ada_Drivers_Library/repo/components/src/screen/ssd1306/ssd1306.ads:42:1" }
edge: { sourcename: "ssd1306__finalize_spec" targetname: "_Unwind_Resume" }
edge: { sourcename: "ssd1306__finalize_spec" targetname: "system__finalization_masters__finalize" label: "/home/silvanosky/epita/ing3/ada/Adarrose/adarrose/Ada_Drivers_Library/repo/components/src/screen/ssd1306/ssd1306.ads:66:9" }
edge: { sourcename: "ssd1306__finalize_spec" targetname: "ada__tags__unregister_tag" label: "/home/silvanosky/epita/ing3/ada/Adarrose/adarrose/Ada_Drivers_Library/repo/components/src/screen/ssd1306/ssd1306.ads:42:1" }
edge: { sourcename: "ssd1306__finalize_spec" targetname: "ada__tags__unregister_tag" label: "/home/silvanosky/epita/ing3/ada/Adarrose/adarrose/Ada_Drivers_Library/repo/components/src/screen/ssd1306/ssd1306.ads:42:1" }
node: { title: "ssd1306__bit_arrayIP" label: "BIT_ARRAYIP\n/home/silvanosky/epita/ing3/ada/Adarrose/adarrose/Ada_Drivers_Library/repo/components/src/screen/ssd1306/ssd1306.ads:214:9\n16 bytes (static)" }
node: { title: "ssd1306__Tssd1306_screenCFD" label: "TSSD1306_SCREENCFD\n/home/silvanosky/epita/ing3/ada/Adarrose/adarrose/Ada_Drivers_Library/repo/components/src/screen/ssd1306/ssd1306.ads:46:9\n32 bytes (static)" }
edge: { sourcename: "ssd1306__Tssd1306_screenCFD" targetname: "__indirect_call" label: "/home/silvanosky/epita/ing3/ada/Adarrose/adarrose/Ada_Drivers_Library/repo/components/src/screen/ssd1306/ssd1306.ads:46:9" }
node: { title: "ssd1306__ssd1306_screenDF__2" label: "SSD1306_SCREENDF\n/home/silvanosky/epita/ing3/ada/Adarrose/adarrose/Ada_Drivers_Library/repo/components/src/screen/ssd1306/ssd1306.ads:216:9\n16 bytes (static)" }
node: { title: "ssd1306___size__5" label: "SSD1306\n/home/silvanosky/epita/ing3/ada/Adarrose/adarrose/Ada_Drivers_Library/repo/components/src/screen/ssd1306/ssd1306.ads:216:9\n24 bytes (static)" }
node: { title: "ssd1306__ssd1306_screenIP" label: "SSD1306_SCREENIP\n/home/silvanosky/epita/ing3/ada/Adarrose/adarrose/Ada_Drivers_Library/repo/components/src/screen/ssd1306/ssd1306.ads:216:9\n24 bytes (static)" }
edge: { sourcename: "ssd1306__ssd1306_screenIP" targetname: "ssd1306__ssd1306_bitmap_bufferIP" label: "/home/silvanosky/epita/ing3/ada/Adarrose/adarrose/Ada_Drivers_Library/repo/components/src/screen/ssd1306/ssd1306.ads:225:10" }
node: { title: "ssd1306__Tssd1306_bitmap_bufferCFD" label: "TSSD1306_BITMAP_BUFFERCFD\n/home/silvanosky/epita/ing3/ada/Adarrose/adarrose/Ada_Drivers_Library/repo/components/src/screen/ssd1306/ssd1306.ads:174:9\n32 bytes (static)" }
edge: { sourcename: "ssd1306__Tssd1306_bitmap_bufferCFD" targetname: "__indirect_call" label: "/home/silvanosky/epita/ing3/ada/Adarrose/adarrose/Ada_Drivers_Library/repo/components/src/screen/ssd1306/ssd1306.ads:174:9" }
node: { title: "ssd1306__ssd1306_bitmap_bufferDF__2" label: "SSD1306_BITMAP_BUFFERDF\n/home/silvanosky/epita/ing3/ada/Adarrose/adarrose/Ada_Drivers_Library/repo/components/src/screen/ssd1306/ssd1306.ads:174:9\n16 bytes (static)" }
node: { title: "ssd1306__ssd1306_bitmap_bufferDA__2" label: "SSD1306_BITMAP_BUFFERDA\n/home/silvanosky/epita/ing3/ada/Adarrose/adarrose/Ada_Drivers_Library/repo/components/src/screen/ssd1306/ssd1306.ads:174:9\n16 bytes (static)" }
node: { title: "ssd1306___assign__2" label: "SSD1306\n/home/silvanosky/epita/ing3/ada/Adarrose/adarrose/Ada_Drivers_Library/repo/components/src/screen/ssd1306/ssd1306.ads:174:9\n448 bytes (static)" }
edge: { sourcename: "ssd1306___assign__2" targetname: "memcpy" }
edge: { sourcename: "ssd1306___assign__2" targetname: "__gnat_rcheck_CE_Discriminant_Check" label: "/home/silvanosky/epita/ing3/ada/Adarrose/adarrose/Ada_Drivers_Library/repo/components/src/screen/ssd1306/ssd1306.ads:174:9" }
node: { title: "ssd1306__Oeq__2" label: "=\n/home/silvanosky/epita/ing3/ada/Adarrose/adarrose/Ada_Drivers_Library/repo/components/src/screen/ssd1306/ssd1306.ads:174:4\n16 bytes (static)" }
edge: { sourcename: "ssd1306__Oeq__2" targetname: "memcmp" label: "/home/silvanosky/epita/ing3/ada/Adarrose/adarrose/Ada_Drivers_Library/repo/components/src/screen/ssd1306/ssd1306.ads:174:9" }
edge: { sourcename: "ssd1306__Oeq__2" targetname: "memory_mapped_bitmap__Oeq" label: "/home/silvanosky/epita/ing3/ada/Adarrose/adarrose/Ada_Drivers_Library/repo/components/src/screen/ssd1306/ssd1306.ads:174:9" }
node: { title: "ssd1306__ssd1306_bitmap_bufferSO__2" label: "SSD1306_BITMAP_BUFFERSO\n/home/silvanosky/epita/ing3/ada/Adarrose/adarrose/Ada_Drivers_Library/repo/components/src/screen/ssd1306/ssd1306.ads:174:9\n24 bytes (static)" }
edge: { sourcename: "ssd1306__ssd1306_bitmap_bufferSO__2" targetname: "ssd1306__ssd1306_bitmap_bufferSW__2" label: "/home/silvanosky/epita/ing3/ada/Adarrose/adarrose/Ada_Drivers_Library/repo/components/src/screen/ssd1306/ssd1306.ads:174:9" }
edge: { sourcename: "ssd1306__ssd1306_bitmap_bufferSO__2" targetname: "system__stream_attributes__w_i" label: "/home/silvanosky/epita/ing3/ada/Adarrose/adarrose/Ada_Drivers_Library/repo/components/src/screen/ssd1306/ssd1306.ads:174:9" }
node: { title: "ssd1306__ssd1306_bitmap_bufferSI__2" label: "SSD1306_BITMAP_BUFFERSI\n/home/silvanosky/epita/ing3/ada/Adarrose/adarrose/Ada_Drivers_Library/repo/components/src/screen/ssd1306/ssd1306.ads:174:9\n48 bytes (dynamic)" }
edge: { sourcename: "ssd1306__ssd1306_bitmap_bufferSI__2" targetname: "memcpy" }
edge: { sourcename: "ssd1306__ssd1306_bitmap_bufferSI__2" targetname: "system__secondary_stack__ss_allocate" label: "/home/silvanosky/epita/ing3/ada/Adarrose/adarrose/Ada_Drivers_Library/repo/components/src/screen/ssd1306/ssd1306.ads:174:9" }
edge: { sourcename: "ssd1306__ssd1306_bitmap_bufferSI__2" targetname: "ssd1306__ssd1306_bitmap_bufferSR__2" label: "/home/silvanosky/epita/ing3/ada/Adarrose/adarrose/Ada_Drivers_Library/repo/components/src/screen/ssd1306/ssd1306.ads:174:9" }
edge: { sourcename: "ssd1306__ssd1306_bitmap_bufferSI__2" targetname: "ssd1306__ssd1306_bitmap_bufferIP" label: "/home/silvanosky/epita/ing3/ada/Adarrose/adarrose/Ada_Drivers_Library/repo/components/src/screen/ssd1306/ssd1306.ads:174:9" }
edge: { sourcename: "ssd1306__ssd1306_bitmap_bufferSI__2" targetname: "system__stream_attributes__i_i" label: "/home/silvanosky/epita/ing3/ada/Adarrose/adarrose/Ada_Drivers_Library/repo/components/src/screen/ssd1306/ssd1306.ads:174:9" }
node: { title: "ssd1306__ssd1306_bitmap_bufferSW__2" label: "SSD1306_BITMAP_BUFFERSW\n/home/silvanosky/epita/ing3/ada/Adarrose/adarrose/Ada_Drivers_Library/repo/components/src/screen/ssd1306/ssd1306.ads:174:9\n48 bytes (static)" }
edge: { sourcename: "ssd1306__ssd1306_bitmap_bufferSW__2" targetname: "/home/silvanosky/epita/ing3/ada/Adarrose/adarrose/Ada_Drivers_Library/repo/components/src/screen/ssd1306/ssd1306.adb:ssd1306__ssd1306_bitmap_bufferSW__uint8_array_35SW__2.6814" label: "/home/silvanosky/epita/ing3/ada/Adarrose/adarrose/Ada_Drivers_Library/repo/components/src/screen/ssd1306/ssd1306.ads:174:9" }
edge: { sourcename: "ssd1306__ssd1306_bitmap_bufferSW__2" targetname: "memory_mapped_bitmap__memory_mapped_bitmap_bufferSW" label: "/home/silvanosky/epita/ing3/ada/Adarrose/adarrose/Ada_Drivers_Library/repo/components/src/screen/ssd1306/ssd1306.ads:174:9" }
node: { title: "/home/silvanosky/epita/ing3/ada/Adarrose/adarrose/Ada_Drivers_Library/repo/components/src/screen/ssd1306/ssd1306.adb:ssd1306__ssd1306_bitmap_bufferSW__uint8_array_35SW__2.6814" label: "UINT8_ARRAY_35SW\n/home/silvanosky/epita/ing3/ada/Adarrose/adarrose/Ada_Drivers_Library/repo/components/src/screen/ssd1306/ssd1306.ads:174:9\n48 bytes (static)" }
edge: { sourcename: "/home/silvanosky/epita/ing3/ada/Adarrose/adarrose/Ada_Drivers_Library/repo/components/src/screen/ssd1306/ssd1306.adb:ssd1306__ssd1306_bitmap_bufferSW__uint8_array_35SW__2.6814" targetname: "system__stream_attributes__w_ssu" label: "/home/silvanosky/epita/ing3/ada/Adarrose/adarrose/Ada_Drivers_Library/repo/components/src/screen/ssd1306/ssd1306.ads:174:9" }
node: { title: "ssd1306__ssd1306_bitmap_bufferSR__2" label: "SSD1306_BITMAP_BUFFERSR\n/home/silvanosky/epita/ing3/ada/Adarrose/adarrose/Ada_Drivers_Library/repo/components/src/screen/ssd1306/ssd1306.ads:174:9\n48 bytes (static)" }
edge: { sourcename: "ssd1306__ssd1306_bitmap_bufferSR__2" targetname: "/home/silvanosky/epita/ing3/ada/Adarrose/adarrose/Ada_Drivers_Library/repo/components/src/screen/ssd1306/ssd1306.adb:ssd1306__ssd1306_bitmap_bufferSR__uint8_array_26SR__2.6776" label: "/home/silvanosky/epita/ing3/ada/Adarrose/adarrose/Ada_Drivers_Library/repo/components/src/screen/ssd1306/ssd1306.ads:174:9" }
edge: { sourcename: "ssd1306__ssd1306_bitmap_bufferSR__2" targetname: "memory_mapped_bitmap__memory_mapped_bitmap_bufferSR" label: "/home/silvanosky/epita/ing3/ada/Adarrose/adarrose/Ada_Drivers_Library/repo/components/src/screen/ssd1306/ssd1306.ads:174:9" }
node: { title: "/home/silvanosky/epita/ing3/ada/Adarrose/adarrose/Ada_Drivers_Library/repo/components/src/screen/ssd1306/ssd1306.adb:ssd1306__ssd1306_bitmap_bufferSR__uint8_array_26SR__2.6776" label: "UINT8_ARRAY_26SR\n/home/silvanosky/epita/ing3/ada/Adarrose/adarrose/Ada_Drivers_Library/repo/components/src/screen/ssd1306/ssd1306.ads:174:9\n56 bytes (static)" }
edge: { sourcename: "/home/silvanosky/epita/ing3/ada/Adarrose/adarrose/Ada_Drivers_Library/repo/components/src/screen/ssd1306/ssd1306.adb:ssd1306__ssd1306_bitmap_bufferSR__uint8_array_26SR__2.6776" targetname: "system__stream_attributes__i_ssu" label: "/home/silvanosky/epita/ing3/ada/Adarrose/adarrose/Ada_Drivers_Library/repo/components/src/screen/ssd1306/ssd1306.ads:174:9" }
node: { title: "ssd1306___size__4" label: "SSD1306\n/home/silvanosky/epita/ing3/ada/Adarrose/adarrose/Ada_Drivers_Library/repo/components/src/screen/ssd1306/ssd1306.ads:174:9\n24 bytes (static)" }
node: { title: "ssd1306__ssd1306_bitmap_bufferIP" label: "SSD1306_BITMAP_BUFFERIP\n/home/silvanosky/epita/ing3/ada/Adarrose/adarrose/Ada_Drivers_Library/repo/components/src/screen/ssd1306/ssd1306.ads:174:9\n24 bytes (static)" }
edge: { sourcename: "ssd1306__ssd1306_bitmap_bufferIP" targetname: "memory_mapped_bitmap__memory_mapped_bitmap_bufferIP" label: "/home/silvanosky/epita/ing3/ada/Adarrose/adarrose/Ada_Drivers_Library/repo/components/src/screen/ssd1306/ssd1306.ads:175:6" }
}
