graph: { title: "/home/silvanosky/epita/ing3/ada/Adarrose/adarrose/Ada_Drivers_Library/repo/arch/ARM/STM32/svd/stm32f429x/stm32_svd-fsmc.ads"
node: { title: "__gnat_rcheck_PE_Unchecked_Union_Restriction" label: "gnat_rcheck_PE_Unchecked_Union_Restriction\n<built-in>" shape : ellipse }
node: { title: "stm32_svd__fsmc__fmc_peripheralIP" label: "FMC_PERIPHERALIP\n/home/silvanosky/epita/ing3/ada/Adarrose/adarrose/Ada_Drivers_Library/repo/arch/ARM/STM32/svd/stm32f429x/stm32_svd-fsmc.ads:579:9\n16 bytes (static)" }
edge: { sourcename: "stm32_svd__fsmc__fmc_peripheralIP" targetname: "stm32_svd__fsmc__sdrtr_registerIP" label: "/home/silvanosky/epita/ing3/ada/Adarrose/adarrose/Ada_Drivers_Library/repo/arch/ARM/STM32/svd/stm32f429x/stm32_svd-fsmc.ads:645:7" }
edge: { sourcename: "stm32_svd__fsmc__fmc_peripheralIP" targetname: "stm32_svd__fsmc__sdcmr_registerIP" label: "/home/silvanosky/epita/ing3/ada/Adarrose/adarrose/Ada_Drivers_Library/repo/arch/ARM/STM32/svd/stm32f429x/stm32_svd-fsmc.ads:643:7" }
edge: { sourcename: "stm32_svd__fsmc__fmc_peripheralIP" targetname: "stm32_svd__fsmc__sdtr_registerIP" label: "/home/silvanosky/epita/ing3/ada/Adarrose/adarrose/Ada_Drivers_Library/repo/arch/ARM/STM32/svd/stm32f429x/stm32_svd-fsmc.ads:641:7" }
edge: { sourcename: "stm32_svd__fsmc__fmc_peripheralIP" targetname: "stm32_svd__fsmc__sdtr_registerIP" label: "/home/silvanosky/epita/ing3/ada/Adarrose/adarrose/Ada_Drivers_Library/repo/arch/ARM/STM32/svd/stm32f429x/stm32_svd-fsmc.ads:639:7" }
edge: { sourcename: "stm32_svd__fsmc__fmc_peripheralIP" targetname: "stm32_svd__fsmc__sdcr_registerIP" label: "/home/silvanosky/epita/ing3/ada/Adarrose/adarrose/Ada_Drivers_Library/repo/arch/ARM/STM32/svd/stm32f429x/stm32_svd-fsmc.ads:637:7" }
edge: { sourcename: "stm32_svd__fsmc__fmc_peripheralIP" targetname: "stm32_svd__fsmc__sdcr_registerIP" label: "/home/silvanosky/epita/ing3/ada/Adarrose/adarrose/Ada_Drivers_Library/repo/arch/ARM/STM32/svd/stm32f429x/stm32_svd-fsmc.ads:635:7" }
edge: { sourcename: "stm32_svd__fsmc__fmc_peripheralIP" targetname: "stm32_svd__fsmc__bwtr_registerIP" label: "/home/silvanosky/epita/ing3/ada/Adarrose/adarrose/Ada_Drivers_Library/repo/arch/ARM/STM32/svd/stm32f429x/stm32_svd-fsmc.ads:633:7" }
edge: { sourcename: "stm32_svd__fsmc__fmc_peripheralIP" targetname: "stm32_svd__fsmc__bwtr_registerIP" label: "/home/silvanosky/epita/ing3/ada/Adarrose/adarrose/Ada_Drivers_Library/repo/arch/ARM/STM32/svd/stm32f429x/stm32_svd-fsmc.ads:631:7" }
edge: { sourcename: "stm32_svd__fsmc__fmc_peripheralIP" targetname: "stm32_svd__fsmc__bwtr_registerIP" label: "/home/silvanosky/epita/ing3/ada/Adarrose/adarrose/Ada_Drivers_Library/repo/arch/ARM/STM32/svd/stm32f429x/stm32_svd-fsmc.ads:629:7" }
edge: { sourcename: "stm32_svd__fsmc__fmc_peripheralIP" targetname: "stm32_svd__fsmc__bwtr_registerIP" label: "/home/silvanosky/epita/ing3/ada/Adarrose/adarrose/Ada_Drivers_Library/repo/arch/ARM/STM32/svd/stm32f429x/stm32_svd-fsmc.ads:627:7" }
edge: { sourcename: "stm32_svd__fsmc__fmc_peripheralIP" targetname: "stm32_svd__fsmc__pio4_registerIP" label: "/home/silvanosky/epita/ing3/ada/Adarrose/adarrose/Ada_Drivers_Library/repo/arch/ARM/STM32/svd/stm32f429x/stm32_svd-fsmc.ads:625:7" }
edge: { sourcename: "stm32_svd__fsmc__fmc_peripheralIP" targetname: "stm32_svd__fsmc__patt_registerIP" label: "/home/silvanosky/epita/ing3/ada/Adarrose/adarrose/Ada_Drivers_Library/repo/arch/ARM/STM32/svd/stm32f429x/stm32_svd-fsmc.ads:623:7" }
edge: { sourcename: "stm32_svd__fsmc__fmc_peripheralIP" targetname: "stm32_svd__fsmc__pmem_registerIP" label: "/home/silvanosky/epita/ing3/ada/Adarrose/adarrose/Ada_Drivers_Library/repo/arch/ARM/STM32/svd/stm32f429x/stm32_svd-fsmc.ads:621:7" }
edge: { sourcename: "stm32_svd__fsmc__fmc_peripheralIP" targetname: "stm32_svd__fsmc__sr_registerIP" label: "/home/silvanosky/epita/ing3/ada/Adarrose/adarrose/Ada_Drivers_Library/repo/arch/ARM/STM32/svd/stm32f429x/stm32_svd-fsmc.ads:619:7" }
edge: { sourcename: "stm32_svd__fsmc__fmc_peripheralIP" targetname: "stm32_svd__fsmc__pcr_registerIP" label: "/home/silvanosky/epita/ing3/ada/Adarrose/adarrose/Ada_Drivers_Library/repo/arch/ARM/STM32/svd/stm32f429x/stm32_svd-fsmc.ads:617:7" }
edge: { sourcename: "stm32_svd__fsmc__fmc_peripheralIP" targetname: "stm32_svd__fsmc__patt_registerIP" label: "/home/silvanosky/epita/ing3/ada/Adarrose/adarrose/Ada_Drivers_Library/repo/arch/ARM/STM32/svd/stm32f429x/stm32_svd-fsmc.ads:613:7" }
edge: { sourcename: "stm32_svd__fsmc__fmc_peripheralIP" targetname: "stm32_svd__fsmc__pmem_registerIP" label: "/home/silvanosky/epita/ing3/ada/Adarrose/adarrose/Ada_Drivers_Library/repo/arch/ARM/STM32/svd/stm32f429x/stm32_svd-fsmc.ads:611:7" }
edge: { sourcename: "stm32_svd__fsmc__fmc_peripheralIP" targetname: "stm32_svd__fsmc__sr_registerIP" label: "/home/silvanosky/epita/ing3/ada/Adarrose/adarrose/Ada_Drivers_Library/repo/arch/ARM/STM32/svd/stm32f429x/stm32_svd-fsmc.ads:609:7" }
edge: { sourcename: "stm32_svd__fsmc__fmc_peripheralIP" targetname: "stm32_svd__fsmc__pcr_registerIP" label: "/home/silvanosky/epita/ing3/ada/Adarrose/adarrose/Ada_Drivers_Library/repo/arch/ARM/STM32/svd/stm32f429x/stm32_svd-fsmc.ads:607:7" }
edge: { sourcename: "stm32_svd__fsmc__fmc_peripheralIP" targetname: "stm32_svd__fsmc__patt_registerIP" label: "/home/silvanosky/epita/ing3/ada/Adarrose/adarrose/Ada_Drivers_Library/repo/arch/ARM/STM32/svd/stm32f429x/stm32_svd-fsmc.ads:603:7" }
edge: { sourcename: "stm32_svd__fsmc__fmc_peripheralIP" targetname: "stm32_svd__fsmc__pmem_registerIP" label: "/home/silvanosky/epita/ing3/ada/Adarrose/adarrose/Ada_Drivers_Library/repo/arch/ARM/STM32/svd/stm32f429x/stm32_svd-fsmc.ads:601:7" }
edge: { sourcename: "stm32_svd__fsmc__fmc_peripheralIP" targetname: "stm32_svd__fsmc__sr_registerIP" label: "/home/silvanosky/epita/ing3/ada/Adarrose/adarrose/Ada_Drivers_Library/repo/arch/ARM/STM32/svd/stm32f429x/stm32_svd-fsmc.ads:599:7" }
edge: { sourcename: "stm32_svd__fsmc__fmc_peripheralIP" targetname: "stm32_svd__fsmc__pcr_registerIP" label: "/home/silvanosky/epita/ing3/ada/Adarrose/adarrose/Ada_Drivers_Library/repo/arch/ARM/STM32/svd/stm32f429x/stm32_svd-fsmc.ads:597:7" }
edge: { sourcename: "stm32_svd__fsmc__fmc_peripheralIP" targetname: "stm32_svd__fsmc__btr_registerIP" label: "/home/silvanosky/epita/ing3/ada/Adarrose/adarrose/Ada_Drivers_Library/repo/arch/ARM/STM32/svd/stm32f429x/stm32_svd-fsmc.ads:595:7" }
edge: { sourcename: "stm32_svd__fsmc__fmc_peripheralIP" targetname: "stm32_svd__fsmc__bcr_registerIP" label: "/home/silvanosky/epita/ing3/ada/Adarrose/adarrose/Ada_Drivers_Library/repo/arch/ARM/STM32/svd/stm32f429x/stm32_svd-fsmc.ads:593:7" }
edge: { sourcename: "stm32_svd__fsmc__fmc_peripheralIP" targetname: "stm32_svd__fsmc__btr_registerIP" label: "/home/silvanosky/epita/ing3/ada/Adarrose/adarrose/Ada_Drivers_Library/repo/arch/ARM/STM32/svd/stm32f429x/stm32_svd-fsmc.ads:591:7" }
edge: { sourcename: "stm32_svd__fsmc__fmc_peripheralIP" targetname: "stm32_svd__fsmc__bcr_registerIP" label: "/home/silvanosky/epita/ing3/ada/Adarrose/adarrose/Ada_Drivers_Library/repo/arch/ARM/STM32/svd/stm32f429x/stm32_svd-fsmc.ads:589:7" }
edge: { sourcename: "stm32_svd__fsmc__fmc_peripheralIP" targetname: "stm32_svd__fsmc__btr_registerIP" label: "/home/silvanosky/epita/ing3/ada/Adarrose/adarrose/Ada_Drivers_Library/repo/arch/ARM/STM32/svd/stm32f429x/stm32_svd-fsmc.ads:587:7" }
edge: { sourcename: "stm32_svd__fsmc__fmc_peripheralIP" targetname: "stm32_svd__fsmc__bcr_registerIP" label: "/home/silvanosky/epita/ing3/ada/Adarrose/adarrose/Ada_Drivers_Library/repo/arch/ARM/STM32/svd/stm32f429x/stm32_svd-fsmc.ads:585:7" }
edge: { sourcename: "stm32_svd__fsmc__fmc_peripheralIP" targetname: "stm32_svd__fsmc__btr_registerIP" label: "/home/silvanosky/epita/ing3/ada/Adarrose/adarrose/Ada_Drivers_Library/repo/arch/ARM/STM32/svd/stm32f429x/stm32_svd-fsmc.ads:583:7" }
edge: { sourcename: "stm32_svd__fsmc__fmc_peripheralIP" targetname: "stm32_svd__fsmc__bcr1_registerIP" label: "/home/silvanosky/epita/ing3/ada/Adarrose/adarrose/Ada_Drivers_Library/repo/arch/ARM/STM32/svd/stm32f429x/stm32_svd-fsmc.ads:581:7" }
node: { title: "stm32_svd__fsmc__fmc_peripheralEQ" label: "FMC_PERIPHERALEQ\n/home/silvanosky/epita/ing3/ada/Adarrose/adarrose/Ada_Drivers_Library/repo/arch/ARM/STM32/svd/stm32f429x/stm32_svd-fsmc.ads:579:4\n16 bytes (static)" }
edge: { sourcename: "stm32_svd__fsmc__fmc_peripheralEQ" targetname: "stm32_svd__fsmc__sdsr_registerEQ" label: "/home/silvanosky/epita/ing3/ada/Adarrose/adarrose/Ada_Drivers_Library/repo/arch/ARM/STM32/svd/stm32f429x/stm32_svd-fsmc.ads:579:9" }
node: { title: "stm32_svd__fsmc__sdsr_registerIP" label: "SDSR_REGISTERIP\n/home/silvanosky/epita/ing3/ada/Adarrose/adarrose/Ada_Drivers_Library/repo/arch/ARM/STM32/svd/stm32f429x/stm32_svd-fsmc.ads:554:9\n16 bytes (static)" }
node: { title: "stm32_svd__fsmc__sdsr_registerEQ" label: "SDSR_REGISTEREQ\n/home/silvanosky/epita/ing3/ada/Adarrose/adarrose/Ada_Drivers_Library/repo/arch/ARM/STM32/svd/stm32f429x/stm32_svd-fsmc.ads:554:4\n16 bytes (static)" }
edge: { sourcename: "stm32_svd__fsmc__sdsr_registerEQ" targetname: "__gnat_rcheck_PE_Unchecked_Union_Restriction" label: "/home/silvanosky/epita/ing3/ada/Adarrose/adarrose/Ada_Drivers_Library/repo/arch/ARM/STM32/svd/stm32f429x/stm32_svd-fsmc.ads:554:9" }
node: { title: "stm32_svd__fsmc__sdsr_modes_fieldIP" label: "SDSR_MODES_FIELDIP\n/home/silvanosky/epita/ing3/ada/Adarrose/adarrose/Ada_Drivers_Library/repo/arch/ARM/STM32/svd/stm32f429x/stm32_svd-fsmc.ads:534:9\n24 bytes (static)" }
node: { title: "stm32_svd__fsmc__sdsr_modes_fieldEQ" label: "SDSR_MODES_FIELDEQ\n/home/silvanosky/epita/ing3/ada/Adarrose/adarrose/Ada_Drivers_Library/repo/arch/ARM/STM32/svd/stm32f429x/stm32_svd-fsmc.ads:534:9\n32 bytes (static)" }
edge: { sourcename: "stm32_svd__fsmc__sdsr_modes_fieldEQ" targetname: "/home/silvanosky/epita/ing3/ada/Adarrose/adarrose/Ada_Drivers_Library/repo/arch/ARM/STM32/svd/stm32f429x/stm32_svd-fsmc.ads:stm32_svd__fsmc__sdsr_modes_fieldEQ__E5s.5963" label: "/home/silvanosky/epita/ing3/ada/Adarrose/adarrose/Ada_Drivers_Library/repo/arch/ARM/STM32/svd/stm32f429x/stm32_svd-fsmc.ads:534:9" }
node: { title: "/home/silvanosky/epita/ing3/ada/Adarrose/adarrose/Ada_Drivers_Library/repo/arch/ARM/STM32/svd/stm32f429x/stm32_svd-fsmc.ads:stm32_svd__fsmc__sdsr_modes_fieldEQ__E5s.5963" label: "E5S\n/home/silvanosky/epita/ing3/ada/Adarrose/adarrose/Ada_Drivers_Library/repo/arch/ARM/STM32/svd/stm32f429x/stm32_svd-fsmc.ads:534:9\n24 bytes (static)" }
node: { title: "stm32_svd__fsmc__Tsdsr_modes_field_arrayBIP" label: "TSDSR_MODES_FIELD_ARRAYBIP\n/home/silvanosky/epita/ing3/ada/Adarrose/adarrose/Ada_Drivers_Library/repo/arch/ARM/STM32/svd/stm32f429x/stm32_svd-fsmc.ads:530:4\n16 bytes (static)" }
node: { title: "stm32_svd__fsmc__sdrtr_registerIP" label: "SDRTR_REGISTERIP\n/home/silvanosky/epita/ing3/ada/Adarrose/adarrose/Ada_Drivers_Library/repo/arch/ARM/STM32/svd/stm32f429x/stm32_svd-fsmc.ads:506:9\n16 bytes (static)" }
node: { title: "stm32_svd__fsmc__sdcmr_registerIP" label: "SDCMR_REGISTERIP\n/home/silvanosky/epita/ing3/ada/Adarrose/adarrose/Ada_Drivers_Library/repo/arch/ARM/STM32/svd/stm32f429x/stm32_svd-fsmc.ads:477:9\n16 bytes (static)" }
node: { title: "stm32_svd__fsmc__sdtr_registerIP" label: "SDTR_REGISTERIP\n/home/silvanosky/epita/ing3/ada/Adarrose/adarrose/Ada_Drivers_Library/repo/arch/ARM/STM32/svd/stm32f429x/stm32_svd-fsmc.ads:440:9\n16 bytes (static)" }
node: { title: "stm32_svd__fsmc__sdcr_registerIP" label: "SDCR_REGISTERIP\n/home/silvanosky/epita/ing3/ada/Adarrose/adarrose/Ada_Drivers_Library/repo/arch/ARM/STM32/svd/stm32f429x/stm32_svd-fsmc.ads:393:9\n16 bytes (static)" }
node: { title: "stm32_svd__fsmc__bwtr_registerIP" label: "BWTR_REGISTERIP\n/home/silvanosky/epita/ing3/ada/Adarrose/adarrose/Ada_Drivers_Library/repo/arch/ARM/STM32/svd/stm32f429x/stm32_svd-fsmc.ads:353:9\n16 bytes (static)" }
node: { title: "stm32_svd__fsmc__pio4_registerIP" label: "PIO4_REGISTERIP\n/home/silvanosky/epita/ing3/ada/Adarrose/adarrose/Ada_Drivers_Library/repo/arch/ARM/STM32/svd/stm32f429x/stm32_svd-fsmc.ads:325:9\n16 bytes (static)" }
node: { title: "stm32_svd__fsmc__patt_registerIP" label: "PATT_REGISTERIP\n/home/silvanosky/epita/ing3/ada/Adarrose/adarrose/Ada_Drivers_Library/repo/arch/ARM/STM32/svd/stm32f429x/stm32_svd-fsmc.ads:299:9\n16 bytes (static)" }
node: { title: "stm32_svd__fsmc__pmem_registerIP" label: "PMEM_REGISTERIP\n/home/silvanosky/epita/ing3/ada/Adarrose/adarrose/Ada_Drivers_Library/repo/arch/ARM/STM32/svd/stm32f429x/stm32_svd-fsmc.ads:273:9\n16 bytes (static)" }
node: { title: "stm32_svd__fsmc__sr_registerIP" label: "SR_REGISTERIP\n/home/silvanosky/epita/ing3/ada/Adarrose/adarrose/Ada_Drivers_Library/repo/arch/ARM/STM32/svd/stm32f429x/stm32_svd-fsmc.ads:235:9\n16 bytes (static)" }
node: { title: "stm32_svd__fsmc__pcr_registerIP" label: "PCR_REGISTERIP\n/home/silvanosky/epita/ing3/ada/Adarrose/adarrose/Ada_Drivers_Library/repo/arch/ARM/STM32/svd/stm32f429x/stm32_svd-fsmc.ads:193:9\n16 bytes (static)" }
node: { title: "stm32_svd__fsmc__bcr_registerIP" label: "BCR_REGISTERIP\n/home/silvanosky/epita/ing3/ada/Adarrose/adarrose/Ada_Drivers_Library/repo/arch/ARM/STM32/svd/stm32f429x/stm32_svd-fsmc.ads:128:9\n16 bytes (static)" }
node: { title: "stm32_svd__fsmc__btr_registerIP" label: "BTR_REGISTERIP\n/home/silvanosky/epita/ing3/ada/Adarrose/adarrose/Ada_Drivers_Library/repo/arch/ARM/STM32/svd/stm32f429x/stm32_svd-fsmc.ads:92:9\n16 bytes (static)" }
node: { title: "stm32_svd__fsmc__bcr1_registerIP" label: "BCR1_REGISTERIP\n/home/silvanosky/epita/ing3/ada/Adarrose/adarrose/Ada_Drivers_Library/repo/arch/ARM/STM32/svd/stm32f429x/stm32_svd-fsmc.ads:21:9\n16 bytes (static)" }
}
