graph: { title: "/home/silvanosky/epita/ing3/ada/Adarrose/adarrose/Ada_Drivers_Library/repo/arch/ARM/STM32/drivers/stm32-syscfg.adb"
node: { title: "stm32__exti__clear_external_interrupt" label: "CLEAR_EXTERNAL_INTERRUPT\n/home/silvanosky/epita/ing3/ada/Adarrose/adarrose/Ada_Drivers_Library/repo/arch/ARM/STM32/drivers/stm32-exti.ads:110:14" shape : ellipse }
node: { title: "__gnat_rcheck_CE_Access_Check" label: "gnat_rcheck_CE_Access_Check\n<built-in>" shape : ellipse }
node: { title: "__gnat_rcheck_CE_Range_Check" label: "gnat_rcheck_CE_Range_Check\n<built-in>" shape : ellipse }
node: { title: "stm32__gpio__gpio_pinRP" label: "GPIO_PINRP\n/home/silvanosky/epita/ing3/ada/Adarrose/adarrose/Ada_Drivers_Library/repo/arch/ARM/STM32/drivers/stm32-gpio.ads:53:9" shape : ellipse }
node: { title: "__gnat_rcheck_CE_Index_Check" label: "gnat_rcheck_CE_Index_Check\n<built-in>" shape : ellipse }
node: { title: "__gnat_rcheck_CE_Invalid_Data" label: "gnat_rcheck_CE_Invalid_Data\n<built-in>" shape : ellipse }
node: { title: "stm32__device__gpio_port_representation" label: "GPIO_PORT_REPRESENTATION\n/home/silvanosky/epita/ing3/ada/Adarrose/adarrose/Ada_Drivers_Library/repo/arch/ARM/STM32/devices/stm32f42x/stm32-device.ads:326:13" shape : ellipse }
node: { title: "stm32__syscfg__clear_external_interrupt" label: "CLEAR_EXTERNAL_INTERRUPT\n/home/silvanosky/epita/ing3/ada/Adarrose/adarrose/Ada_Drivers_Library/repo/arch/ARM/STM32/drivers/stm32-syscfg.adb:129:4\n24 bytes (static)" }
edge: { sourcename: "stm32__syscfg__clear_external_interrupt" targetname: "stm32__exti__clear_external_interrupt" label: "/home/silvanosky/epita/ing3/ada/Adarrose/adarrose/Ada_Drivers_Library/repo/arch/ARM/STM32/drivers/stm32-syscfg.adb:132:7" }
edge: { sourcename: "stm32__syscfg__clear_external_interrupt" targetname: "__gnat_rcheck_CE_Range_Check" label: "/home/silvanosky/epita/ing3/ada/Adarrose/adarrose/Ada_Drivers_Library/repo/arch/ARM/STM32/drivers/stm32-syscfg.adb:132:67" }
edge: { sourcename: "stm32__syscfg__clear_external_interrupt" targetname: "stm32__gpio__gpio_pinRP" label: "/home/silvanosky/epita/ing3/ada/Adarrose/adarrose/Ada_Drivers_Library/repo/arch/ARM/STM32/drivers/stm32-syscfg.adb:132:67" }
node: { title: "stm32__syscfg__connect_external_interrupt__3" label: "CONNECT_EXTERNAL_INTERRUPT\n/home/silvanosky/epita/ing3/ada/Adarrose/adarrose/Ada_Drivers_Library/repo/arch/ARM/STM32/drivers/stm32-syscfg.adb:115:4\n48 bytes (static)" }
edge: { sourcename: "stm32__syscfg__connect_external_interrupt__3" targetname: "stm32__syscfg__connect_external_interrupt" label: "/home/silvanosky/epita/ing3/ada/Adarrose/adarrose/Ada_Drivers_Library/repo/arch/ARM/STM32/drivers/stm32-syscfg.adb:121:10" }
node: { title: "stm32__syscfg__connect_external_interrupt__2" label: "CONNECT_EXTERNAL_INTERRUPT\n/home/silvanosky/epita/ing3/ada/Adarrose/adarrose/Ada_Drivers_Library/repo/arch/ARM/STM32/drivers/stm32-syscfg.adb:104:4\n16 bytes (static)" }
edge: { sourcename: "stm32__syscfg__connect_external_interrupt__2" targetname: "stm32__syscfg__connect_external_interrupt" label: "/home/silvanosky/epita/ing3/ada/Adarrose/adarrose/Ada_Drivers_Library/repo/arch/ARM/STM32/drivers/stm32-syscfg.adb:108:7" }
edge: { sourcename: "stm32__syscfg__connect_external_interrupt__2" targetname: "__gnat_rcheck_CE_Access_Check" label: "/home/silvanosky/epita/ing3/ada/Adarrose/adarrose/Ada_Drivers_Library/repo/arch/ARM/STM32/drivers/stm32-syscfg.adb:108:48" }
node: { title: "stm32__syscfg__connect_external_interrupt" label: "CONNECT_EXTERNAL_INTERRUPT\n/home/silvanosky/epita/ing3/ada/Adarrose/adarrose/Ada_Drivers_Library/repo/arch/ARM/STM32/drivers/stm32-syscfg.adb:92:4\n16 bytes (static)" }
edge: { sourcename: "stm32__syscfg__connect_external_interrupt" targetname: "stm32__syscfg__connect_external_interrupt__4" label: "/home/silvanosky/epita/ing3/ada/Adarrose/adarrose/Ada_Drivers_Library/repo/arch/ARM/STM32/drivers/stm32-syscfg.adb:97:7" }
edge: { sourcename: "stm32__syscfg__connect_external_interrupt" targetname: "__gnat_rcheck_CE_Range_Check" label: "/home/silvanosky/epita/ing3/ada/Adarrose/adarrose/Ada_Drivers_Library/repo/arch/ARM/STM32/drivers/stm32-syscfg.adb:97:49" }
edge: { sourcename: "stm32__syscfg__connect_external_interrupt" targetname: "stm32__gpio__gpio_pinRP" label: "/home/silvanosky/epita/ing3/ada/Adarrose/adarrose/Ada_Drivers_Library/repo/arch/ARM/STM32/drivers/stm32-syscfg.adb:97:49" }
node: { title: "stm32__syscfg__connect_external_interrupt__4" label: "CONNECT_EXTERNAL_INTERRUPT\n/home/silvanosky/epita/ing3/ada/Adarrose/adarrose/Ada_Drivers_Library/repo/arch/ARM/STM32/drivers/stm32-syscfg.adb:64:4\n32 bytes (static)" }
edge: { sourcename: "stm32__syscfg__connect_external_interrupt__4" targetname: "__gnat_rcheck_CE_Invalid_Data" label: "/home/silvanosky/epita/ing3/ada/Adarrose/adarrose/Ada_Drivers_Library/repo/arch/ARM/STM32/drivers/stm32-syscfg.adb:84:45" }
edge: { sourcename: "stm32__syscfg__connect_external_interrupt__4" targetname: "__gnat_rcheck_CE_Index_Check" label: "/home/silvanosky/epita/ing3/ada/Adarrose/adarrose/Ada_Drivers_Library/repo/arch/ARM/STM32/drivers/stm32-syscfg.adb:84:39" }
edge: { sourcename: "stm32__syscfg__connect_external_interrupt__4" targetname: "__gnat_rcheck_CE_Invalid_Data" label: "/home/silvanosky/epita/ing3/ada/Adarrose/adarrose/Ada_Drivers_Library/repo/arch/ARM/STM32/drivers/stm32-syscfg.adb:82:45" }
edge: { sourcename: "stm32__syscfg__connect_external_interrupt__4" targetname: "__gnat_rcheck_CE_Index_Check" label: "/home/silvanosky/epita/ing3/ada/Adarrose/adarrose/Ada_Drivers_Library/repo/arch/ARM/STM32/drivers/stm32-syscfg.adb:82:39" }
edge: { sourcename: "stm32__syscfg__connect_external_interrupt__4" targetname: "__gnat_rcheck_CE_Invalid_Data" label: "/home/silvanosky/epita/ing3/ada/Adarrose/adarrose/Ada_Drivers_Library/repo/arch/ARM/STM32/drivers/stm32-syscfg.adb:80:45" }
edge: { sourcename: "stm32__syscfg__connect_external_interrupt__4" targetname: "__gnat_rcheck_CE_Index_Check" label: "/home/silvanosky/epita/ing3/ada/Adarrose/adarrose/Ada_Drivers_Library/repo/arch/ARM/STM32/drivers/stm32-syscfg.adb:80:39" }
edge: { sourcename: "stm32__syscfg__connect_external_interrupt__4" targetname: "__gnat_rcheck_CE_Invalid_Data" label: "/home/silvanosky/epita/ing3/ada/Adarrose/adarrose/Ada_Drivers_Library/repo/arch/ARM/STM32/drivers/stm32-syscfg.adb:78:45" }
edge: { sourcename: "stm32__syscfg__connect_external_interrupt__4" targetname: "__gnat_rcheck_CE_Index_Check" label: "/home/silvanosky/epita/ing3/ada/Adarrose/adarrose/Ada_Drivers_Library/repo/arch/ARM/STM32/drivers/stm32-syscfg.adb:78:39" }
edge: { sourcename: "stm32__syscfg__connect_external_interrupt__4" targetname: "__gnat_rcheck_CE_Invalid_Data" label: "/home/silvanosky/epita/ing3/ada/Adarrose/adarrose/Ada_Drivers_Library/repo/arch/ARM/STM32/drivers/stm32-syscfg.adb:76:12" }
edge: { sourcename: "stm32__syscfg__connect_external_interrupt__4" targetname: "stm32__device__gpio_port_representation" label: "/home/silvanosky/epita/ing3/ada/Adarrose/adarrose/Ada_Drivers_Library/repo/arch/ARM/STM32/drivers/stm32-syscfg.adb:68:7" }
}
