graph: { title: "/home/silvanosky/epita/ing3/ada/Adarrose/adarrose/Ada_Drivers_Library/repo/arch/ARM/STM32/svd/stm32f429x/stm32_svd-i2c.ads"
node: { title: "stm32_svd__i2c__i2c_peripheralIP" label: "I2C_PERIPHERALIP\n/home/silvanosky/epita/ing3/ada/Adarrose/adarrose/Ada_Drivers_Library/repo/arch/ARM/STM32/svd/stm32f429x/stm32_svd-i2c.ads:349:9\n16 bytes (static)" }
edge: { sourcename: "stm32_svd__i2c__i2c_peripheralIP" targetname: "stm32_svd__i2c__fltr_registerIP" label: "/home/silvanosky/epita/ing3/ada/Adarrose/adarrose/Ada_Drivers_Library/repo/arch/ARM/STM32/svd/stm32f429x/stm32_svd-i2c.ads:369:7" }
edge: { sourcename: "stm32_svd__i2c__i2c_peripheralIP" targetname: "stm32_svd__i2c__trise_registerIP" label: "/home/silvanosky/epita/ing3/ada/Adarrose/adarrose/Ada_Drivers_Library/repo/arch/ARM/STM32/svd/stm32f429x/stm32_svd-i2c.ads:367:7" }
edge: { sourcename: "stm32_svd__i2c__i2c_peripheralIP" targetname: "stm32_svd__i2c__ccr_registerIP" label: "/home/silvanosky/epita/ing3/ada/Adarrose/adarrose/Ada_Drivers_Library/repo/arch/ARM/STM32/svd/stm32f429x/stm32_svd-i2c.ads:365:7" }
edge: { sourcename: "stm32_svd__i2c__i2c_peripheralIP" targetname: "stm32_svd__i2c__sr1_registerIP" label: "/home/silvanosky/epita/ing3/ada/Adarrose/adarrose/Ada_Drivers_Library/repo/arch/ARM/STM32/svd/stm32f429x/stm32_svd-i2c.ads:361:7" }
edge: { sourcename: "stm32_svd__i2c__i2c_peripheralIP" targetname: "stm32_svd__i2c__dr_registerIP" label: "/home/silvanosky/epita/ing3/ada/Adarrose/adarrose/Ada_Drivers_Library/repo/arch/ARM/STM32/svd/stm32f429x/stm32_svd-i2c.ads:359:7" }
edge: { sourcename: "stm32_svd__i2c__i2c_peripheralIP" targetname: "stm32_svd__i2c__oar2_registerIP" label: "/home/silvanosky/epita/ing3/ada/Adarrose/adarrose/Ada_Drivers_Library/repo/arch/ARM/STM32/svd/stm32f429x/stm32_svd-i2c.ads:357:7" }
edge: { sourcename: "stm32_svd__i2c__i2c_peripheralIP" targetname: "stm32_svd__i2c__oar1_registerIP" label: "/home/silvanosky/epita/ing3/ada/Adarrose/adarrose/Ada_Drivers_Library/repo/arch/ARM/STM32/svd/stm32f429x/stm32_svd-i2c.ads:355:7" }
edge: { sourcename: "stm32_svd__i2c__i2c_peripheralIP" targetname: "stm32_svd__i2c__cr2_registerIP" label: "/home/silvanosky/epita/ing3/ada/Adarrose/adarrose/Ada_Drivers_Library/repo/arch/ARM/STM32/svd/stm32f429x/stm32_svd-i2c.ads:353:7" }
edge: { sourcename: "stm32_svd__i2c__i2c_peripheralIP" targetname: "stm32_svd__i2c__cr1_registerIP" label: "/home/silvanosky/epita/ing3/ada/Adarrose/adarrose/Ada_Drivers_Library/repo/arch/ARM/STM32/svd/stm32f429x/stm32_svd-i2c.ads:351:7" }
node: { title: "stm32_svd__i2c__fltr_registerIP" label: "FLTR_REGISTERIP\n/home/silvanosky/epita/ing3/ada/Adarrose/adarrose/Ada_Drivers_Library/repo/arch/ARM/STM32/svd/stm32f429x/stm32_svd-i2c.ads:326:9\n16 bytes (static)" }
node: { title: "stm32_svd__i2c__trise_registerIP" label: "TRISE_REGISTERIP\n/home/silvanosky/epita/ing3/ada/Adarrose/adarrose/Ada_Drivers_Library/repo/arch/ARM/STM32/svd/stm32f429x/stm32_svd-i2c.ads:309:9\n16 bytes (static)" }
node: { title: "stm32_svd__i2c__ccr_registerIP" label: "CCR_REGISTERIP\n/home/silvanosky/epita/ing3/ada/Adarrose/adarrose/Ada_Drivers_Library/repo/arch/ARM/STM32/svd/stm32f429x/stm32_svd-i2c.ads:283:9\n16 bytes (static)" }
node: { title: "stm32_svd__i2c__sr2_registerIP" label: "SR2_REGISTERIP\n/home/silvanosky/epita/ing3/ada/Adarrose/adarrose/Ada_Drivers_Library/repo/arch/ARM/STM32/svd/stm32f429x/stm32_svd-i2c.ads:242:9\n16 bytes (static)" }
node: { title: "stm32_svd__i2c__sr1_registerIP" label: "SR1_REGISTERIP\n/home/silvanosky/epita/ing3/ada/Adarrose/adarrose/Ada_Drivers_Library/repo/arch/ARM/STM32/svd/stm32f429x/stm32_svd-i2c.ads:180:9\n16 bytes (static)" }
node: { title: "stm32_svd__i2c__dr_registerIP" label: "DR_REGISTERIP\n/home/silvanosky/epita/ing3/ada/Adarrose/adarrose/Ada_Drivers_Library/repo/arch/ARM/STM32/svd/stm32f429x/stm32_svd-i2c.ads:165:9\n16 bytes (static)" }
node: { title: "stm32_svd__i2c__oar2_registerIP" label: "OAR2_REGISTERIP\n/home/silvanosky/epita/ing3/ada/Adarrose/adarrose/Ada_Drivers_Library/repo/arch/ARM/STM32/svd/stm32f429x/stm32_svd-i2c.ads:145:9\n16 bytes (static)" }
node: { title: "stm32_svd__i2c__oar1_registerIP" label: "OAR1_REGISTERIP\n/home/silvanosky/epita/ing3/ada/Adarrose/adarrose/Ada_Drivers_Library/repo/arch/ARM/STM32/svd/stm32f429x/stm32_svd-i2c.ads:116:9\n16 bytes (static)" }
node: { title: "stm32_svd__i2c__cr2_registerIP" label: "CR2_REGISTERIP\n/home/silvanosky/epita/ing3/ada/Adarrose/adarrose/Ada_Drivers_Library/repo/arch/ARM/STM32/svd/stm32f429x/stm32_svd-i2c.ads:80:9\n16 bytes (static)" }
node: { title: "stm32_svd__i2c__cr1_registerIP" label: "CR1_REGISTERIP\n/home/silvanosky/epita/ing3/ada/Adarrose/adarrose/Ada_Drivers_Library/repo/arch/ARM/STM32/svd/stm32f429x/stm32_svd-i2c.ads:18:9\n16 bytes (static)" }
}
