graph: { title: "/home/silvanosky/epita/ing3/ada/Adarrose/adarrose/Ada_Drivers_Library/repo/boards/stm32_common/stm32f429disco/stm32-board.adb"
node: { title: "memcpy" label: "builtin_memcpy\n<built-in>" shape : ellipse }
node: { title: "l3gd20__three_axis_gyroscopeIP" label: "THREE_AXIS_GYROSCOPEIP\n/home/silvanosky/epita/ing3/ada/Adarrose/adarrose/Ada_Drivers_Library/repo/components/src/motion/l3gd20/l3gd20.ads:530:9" shape : ellipse }
node: { title: "touch_panel_stmpe811__Ttouch_panelBIP" label: "Ttouch_Panelbip\n/home/silvanosky/epita/ing3/ada/Adarrose/adarrose/Ada_Drivers_Library/repo/boards/stm32_common/stm32f429disco/touch_panel_stmpe811.ads:63:4" shape : ellipse }
node: { title: "framebuffer_ili9341__frame_bufferIP" label: "Frame_Bufferip\n/home/silvanosky/epita/ing3/ada/Adarrose/adarrose/Ada_Drivers_Library/repo/boards/stm32_common/stm32f429disco/framebuffer_ili9341.ads:58:9" shape : ellipse }
node: { title: "stm32__device__enable_clock__2" label: "ENABLE_CLOCK\n/home/silvanosky/epita/ing3/ada/Adarrose/adarrose/Ada_Drivers_Library/repo/arch/ARM/STM32/devices/stm32f42x/stm32-device.ads:72:14" shape : ellipse }
node: { title: "__gnat_raise_exception" label: "Raise_Exception_Always\n/home/silvanosky/opt/GNAT/2019-arm-elf/arm-eabi/lib/gnat/ravenscar-full-stm32f429disco/gnat/a-except.ads:188:14" shape : ellipse }
node: { title: "l3gd20__device_id" label: "DEVICE_ID\n/home/silvanosky/epita/ing3/ada/Adarrose/adarrose/Ada_Drivers_Library/repo/components/src/motion/l3gd20/l3gd20.ads:522:13" shape : ellipse }
node: { title: "l3gd20__initialize" label: "INITIALIZE\n/home/silvanosky/epita/ing3/ada/Adarrose/adarrose/Ada_Drivers_Library/repo/components/src/motion/l3gd20/l3gd20.ads:59:14" shape : ellipse }
node: { title: "stm32__spi__enable" label: "ENABLE\n/home/silvanosky/epita/ing3/ada/Adarrose/adarrose/Ada_Drivers_Library/repo/arch/ARM/STM32/drivers/stm32-spi.ads:89:14" shape : ellipse }
node: { title: "stm32__spi__configure" label: "CONFIGURE\n/home/silvanosky/epita/ing3/ada/Adarrose/adarrose/Ada_Drivers_Library/repo/arch/ARM/STM32/drivers/stm32-spi.ads:87:14" shape : ellipse }
node: { title: "stm32__gpio__configure_io" label: "CONFIGURE_IO\n/home/silvanosky/epita/ing3/ada/Adarrose/adarrose/Ada_Drivers_Library/repo/arch/ARM/STM32/drivers/stm32-gpio.ads:207:14" shape : ellipse }
node: { title: "stm32__gpio__gpio_port_configurationIP" label: "GPIO_PORT_CONFIGURATIONIP\n/home/silvanosky/epita/ing3/ada/Adarrose/adarrose/Ada_Drivers_Library/repo/arch/ARM/STM32/drivers/stm32-gpio.ads:123:9" shape : ellipse }
node: { title: "stm32__gpio___assign" label: "GPIO\n/home/silvanosky/epita/ing3/ada/Adarrose/adarrose/Ada_Drivers_Library/repo/arch/ARM/STM32/drivers/stm32-gpio.ads:138:9" shape : ellipse }
node: { title: "stm32__gpio__gpio_pointsIP" label: "GPIO_POINTSIP\n/home/silvanosky/epita/ing3/ada/Adarrose/adarrose/Ada_Drivers_Library/repo/arch/ARM/STM32/drivers/stm32-gpio.ads:232:9" shape : ellipse }
node: { title: "stm32__device__enable_clock__10" label: "ENABLE_CLOCK\n/home/silvanosky/epita/ing3/ada/Adarrose/adarrose/Ada_Drivers_Library/repo/arch/ARM/STM32/devices/stm32f42x/stm32-device.ads:426:14" shape : ellipse }
node: { title: "stm32__gpio__configure_io__2" label: "CONFIGURE_IO\n/home/silvanosky/epita/ing3/ada/Adarrose/adarrose/Ada_Drivers_Library/repo/arch/ARM/STM32/drivers/stm32-gpio.ads:267:14" shape : ellipse }
node: { title: "stm32__device__enable_clock__3" label: "ENABLE_CLOCK\n/home/silvanosky/epita/ing3/ada/Adarrose/adarrose/Ada_Drivers_Library/repo/arch/ARM/STM32/devices/stm32f42x/stm32-device.ads:74:14" shape : ellipse }
node: { title: "stm32__gpio__set__4" label: "SET\n/home/silvanosky/epita/ing3/ada/Adarrose/adarrose/Ada_Drivers_Library/repo/arch/ARM/STM32/drivers/stm32-gpio.ads:248:14" shape : ellipse }
node: { title: "stm32__gpio__clear__2" label: "CLEAR\n/home/silvanosky/epita/ing3/ada/Adarrose/adarrose/Ada_Drivers_Library/repo/arch/ARM/STM32/drivers/stm32-gpio.ads:253:14" shape : ellipse }
node: { title: "stm32__board___elabs" label: "BOARD\n/home/silvanosky/epita/ing3/ada/Adarrose/adarrose/Ada_Drivers_Library/repo/boards/stm32_common/stm32f429disco/stm32-board.ads:58:1\n32 bytes (static)" }
edge: { sourcename: "stm32__board___elabs" targetname: "l3gd20__three_axis_gyroscopeIP" label: "/home/silvanosky/epita/ing3/ada/Adarrose/adarrose/Ada_Drivers_Library/repo/boards/stm32_common/stm32f429disco/stm32-board.ads:209:4" }
edge: { sourcename: "stm32__board___elabs" targetname: "touch_panel_stmpe811__Ttouch_panelBIP" label: "/home/silvanosky/epita/ing3/ada/Adarrose/adarrose/Ada_Drivers_Library/repo/boards/stm32_common/stm32f429disco/stm32-board.ads:181:4" }
edge: { sourcename: "stm32__board___elabs" targetname: "framebuffer_ili9341__frame_bufferIP" label: "/home/silvanosky/epita/ing3/ada/Adarrose/adarrose/Ada_Drivers_Library/repo/boards/stm32_common/stm32f429disco/stm32-board.ads:180:4" }
edge: { sourcename: "stm32__board___elabs" targetname: "stm32__gpio___assign" label: "/home/silvanosky/epita/ing3/ada/Adarrose/adarrose/Ada_Drivers_Library/repo/boards/stm32_common/stm32f429disco/stm32-board.ads:175:57" }
edge: { sourcename: "stm32__board___elabs" targetname: "stm32__gpio___assign" label: "/home/silvanosky/epita/ing3/ada/Adarrose/adarrose/Ada_Drivers_Library/repo/boards/stm32_common/stm32f429disco/stm32-board.ads:175:57" }
edge: { sourcename: "stm32__board___elabs" targetname: "stm32__gpio___assign" label: "/home/silvanosky/epita/ing3/ada/Adarrose/adarrose/Ada_Drivers_Library/repo/boards/stm32_common/stm32f429disco/stm32-board.ads:175:57" }
edge: { sourcename: "stm32__board___elabs" targetname: "stm32__gpio___assign" label: "/home/silvanosky/epita/ing3/ada/Adarrose/adarrose/Ada_Drivers_Library/repo/boards/stm32_common/stm32f429disco/stm32-board.ads:175:57" }
edge: { sourcename: "stm32__board___elabs" targetname: "memcpy" }
edge: { sourcename: "stm32__board___elabs" targetname: "stm32__gpio__gpio_pointsIP" label: "/home/silvanosky/epita/ing3/ada/Adarrose/adarrose/Ada_Drivers_Library/repo/boards/stm32_common/stm32f429disco/stm32-board.ads:175:57" }
edge: { sourcename: "stm32__board___elabs" targetname: "stm32__gpio___assign" label: "/home/silvanosky/epita/ing3/ada/Adarrose/adarrose/Ada_Drivers_Library/repo/boards/stm32_common/stm32f429disco/stm32-board.ads:115:31" }
edge: { sourcename: "stm32__board___elabs" targetname: "stm32__gpio___assign" label: "/home/silvanosky/epita/ing3/ada/Adarrose/adarrose/Ada_Drivers_Library/repo/boards/stm32_common/stm32f429disco/stm32-board.ads:115:31" }
edge: { sourcename: "stm32__board___elabs" targetname: "stm32__gpio___assign" label: "/home/silvanosky/epita/ing3/ada/Adarrose/adarrose/Ada_Drivers_Library/repo/boards/stm32_common/stm32f429disco/stm32-board.ads:115:31" }
edge: { sourcename: "stm32__board___elabs" targetname: "stm32__gpio___assign" label: "/home/silvanosky/epita/ing3/ada/Adarrose/adarrose/Ada_Drivers_Library/repo/boards/stm32_common/stm32f429disco/stm32-board.ads:115:31" }
edge: { sourcename: "stm32__board___elabs" targetname: "stm32__gpio___assign" label: "/home/silvanosky/epita/ing3/ada/Adarrose/adarrose/Ada_Drivers_Library/repo/boards/stm32_common/stm32f429disco/stm32-board.ads:115:31" }
edge: { sourcename: "stm32__board___elabs" targetname: "stm32__gpio___assign" label: "/home/silvanosky/epita/ing3/ada/Adarrose/adarrose/Ada_Drivers_Library/repo/boards/stm32_common/stm32f429disco/stm32-board.ads:115:31" }
edge: { sourcename: "stm32__board___elabs" targetname: "stm32__gpio___assign" label: "/home/silvanosky/epita/ing3/ada/Adarrose/adarrose/Ada_Drivers_Library/repo/boards/stm32_common/stm32f429disco/stm32-board.ads:115:31" }
edge: { sourcename: "stm32__board___elabs" targetname: "stm32__gpio___assign" label: "/home/silvanosky/epita/ing3/ada/Adarrose/adarrose/Ada_Drivers_Library/repo/boards/stm32_common/stm32f429disco/stm32-board.ads:115:31" }
edge: { sourcename: "stm32__board___elabs" targetname: "stm32__gpio___assign" label: "/home/silvanosky/epita/ing3/ada/Adarrose/adarrose/Ada_Drivers_Library/repo/boards/stm32_common/stm32f429disco/stm32-board.ads:115:31" }
edge: { sourcename: "stm32__board___elabs" targetname: "stm32__gpio___assign" label: "/home/silvanosky/epita/ing3/ada/Adarrose/adarrose/Ada_Drivers_Library/repo/boards/stm32_common/stm32f429disco/stm32-board.ads:115:31" }
edge: { sourcename: "stm32__board___elabs" targetname: "memcpy" }
edge: { sourcename: "stm32__board___elabs" targetname: "memcpy" }
edge: { sourcename: "stm32__board___elabs" targetname: "stm32__gpio__gpio_pointsIP" label: "/home/silvanosky/epita/ing3/ada/Adarrose/adarrose/Ada_Drivers_Library/repo/boards/stm32_common/stm32f429disco/stm32-board.ads:115:31" }
edge: { sourcename: "stm32__board___elabs" targetname: "stm32__gpio___assign" label: "/home/silvanosky/epita/ing3/ada/Adarrose/adarrose/Ada_Drivers_Library/repo/boards/stm32_common/stm32f429disco/stm32-board.ads:73:41" }
edge: { sourcename: "stm32__board___elabs" targetname: "stm32__gpio___assign" label: "/home/silvanosky/epita/ing3/ada/Adarrose/adarrose/Ada_Drivers_Library/repo/boards/stm32_common/stm32f429disco/stm32-board.ads:73:41" }
edge: { sourcename: "stm32__board___elabs" targetname: "stm32__gpio__gpio_pointsIP" label: "/home/silvanosky/epita/ing3/ada/Adarrose/adarrose/Ada_Drivers_Library/repo/boards/stm32_common/stm32f429disco/stm32-board.ads:73:41" }
node: { title: "stm32__board__configure_user_button_gpio" label: "CONFIGURE_USER_BUTTON_GPIO\n/home/silvanosky/epita/ing3/ada/Adarrose/adarrose/Ada_Drivers_Library/repo/boards/stm32_common/stm32f429disco/stm32-board.adb:147:4\n8 bytes (static)" }
edge: { sourcename: "stm32__board__configure_user_button_gpio" targetname: "stm32__gpio__configure_io" label: "/home/silvanosky/epita/ing3/ada/Adarrose/adarrose/Ada_Drivers_Library/repo/boards/stm32_common/stm32f429disco/stm32-board.adb:150:24" }
edge: { sourcename: "stm32__board__configure_user_button_gpio" targetname: "stm32__device__enable_clock__2" label: "/home/silvanosky/epita/ing3/ada/Adarrose/adarrose/Ada_Drivers_Library/repo/boards/stm32_common/stm32f429disco/stm32-board.adb:149:7" }
node: { title: "stm32__board__initialize_gyro_io" label: "INITIALIZE_GYRO_IO\n/home/silvanosky/epita/ing3/ada/Adarrose/adarrose/Ada_Drivers_Library/repo/boards/stm32_common/stm32f429disco/stm32-board.adb:86:4\n136 bytes (static)" }
edge: { sourcename: "stm32__board__initialize_gyro_io" targetname: "__gnat_raise_exception" label: "/home/silvanosky/epita/ing3/ada/Adarrose/adarrose/Ada_Drivers_Library/repo/boards/stm32_common/stm32f429disco/stm32-board.adb:139:10" }
edge: { sourcename: "stm32__board__initialize_gyro_io" targetname: "l3gd20__device_id" label: "/home/silvanosky/epita/ing3/ada/Adarrose/adarrose/Ada_Drivers_Library/repo/boards/stm32_common/stm32f429disco/stm32-board.adb:138:14" }
edge: { sourcename: "stm32__board__initialize_gyro_io" targetname: "l3gd20__initialize" label: "/home/silvanosky/epita/ing3/ada/Adarrose/adarrose/Ada_Drivers_Library/repo/boards/stm32_common/stm32f429disco/stm32-board.adb:134:11" }
edge: { sourcename: "stm32__board__initialize_gyro_io" targetname: "stm32__spi__enable" label: "/home/silvanosky/epita/ing3/ada/Adarrose/adarrose/Ada_Drivers_Library/repo/boards/stm32_common/stm32f429disco/stm32-board.adb:131:19" }
edge: { sourcename: "stm32__board__initialize_gyro_io" targetname: "stm32__spi__configure" label: "/home/silvanosky/epita/ing3/ada/Adarrose/adarrose/Ada_Drivers_Library/repo/boards/stm32_common/stm32f429disco/stm32-board.adb:129:10" }
edge: { sourcename: "stm32__board__initialize_gyro_io" targetname: "stm32__gpio__configure_io__2" label: "/home/silvanosky/epita/ing3/ada/Adarrose/adarrose/Ada_Drivers_Library/repo/boards/stm32_common/stm32f429disco/stm32-board.adb:112:10" }
edge: { sourcename: "stm32__board__initialize_gyro_io" targetname: "stm32__gpio___assign" label: "/home/silvanosky/epita/ing3/ada/Adarrose/adarrose/Ada_Drivers_Library/repo/boards/stm32_common/stm32f429disco/stm32-board.adb:112:45" }
edge: { sourcename: "stm32__board__initialize_gyro_io" targetname: "stm32__gpio___assign" label: "/home/silvanosky/epita/ing3/ada/Adarrose/adarrose/Ada_Drivers_Library/repo/boards/stm32_common/stm32f429disco/stm32-board.adb:112:45" }
edge: { sourcename: "stm32__board__initialize_gyro_io" targetname: "stm32__gpio___assign" label: "/home/silvanosky/epita/ing3/ada/Adarrose/adarrose/Ada_Drivers_Library/repo/boards/stm32_common/stm32f429disco/stm32-board.adb:112:45" }
edge: { sourcename: "stm32__board__initialize_gyro_io" targetname: "stm32__gpio__gpio_pointsIP" label: "/home/silvanosky/epita/ing3/ada/Adarrose/adarrose/Ada_Drivers_Library/repo/boards/stm32_common/stm32f429disco/stm32-board.adb:112:45" }
edge: { sourcename: "stm32__board__initialize_gyro_io" targetname: "stm32__gpio__gpio_port_configurationIP" label: "/home/silvanosky/epita/ing3/ada/Adarrose/adarrose/Ada_Drivers_Library/repo/boards/stm32_common/stm32f429disco/stm32-board.adb:104:10" }
edge: { sourcename: "stm32__board__initialize_gyro_io" targetname: "stm32__gpio__configure_io" label: "/home/silvanosky/epita/ing3/ada/Adarrose/adarrose/Ada_Drivers_Library/repo/boards/stm32_common/stm32f429disco/stm32-board.adb:100:10" }
edge: { sourcename: "stm32__board__initialize_gyro_io" targetname: "stm32__gpio__gpio_port_configurationIP" label: "/home/silvanosky/epita/ing3/ada/Adarrose/adarrose/Ada_Drivers_Library/repo/boards/stm32_common/stm32f429disco/stm32-board.adb:93:10" }
edge: { sourcename: "stm32__board__initialize_gyro_io" targetname: "stm32__device__enable_clock__3" label: "/home/silvanosky/epita/ing3/ada/Adarrose/adarrose/Ada_Drivers_Library/repo/boards/stm32_common/stm32f429disco/stm32-board.adb:90:7" }
edge: { sourcename: "stm32__board__initialize_gyro_io" targetname: "stm32__gpio___assign" label: "/home/silvanosky/epita/ing3/ada/Adarrose/adarrose/Ada_Drivers_Library/repo/boards/stm32_common/stm32f429disco/stm32-board.adb:90:57" }
edge: { sourcename: "stm32__board__initialize_gyro_io" targetname: "stm32__gpio___assign" label: "/home/silvanosky/epita/ing3/ada/Adarrose/adarrose/Ada_Drivers_Library/repo/boards/stm32_common/stm32f429disco/stm32-board.adb:90:57" }
edge: { sourcename: "stm32__board__initialize_gyro_io" targetname: "stm32__gpio___assign" label: "/home/silvanosky/epita/ing3/ada/Adarrose/adarrose/Ada_Drivers_Library/repo/boards/stm32_common/stm32f429disco/stm32-board.adb:90:57" }
edge: { sourcename: "stm32__board__initialize_gyro_io" targetname: "stm32__gpio___assign" label: "/home/silvanosky/epita/ing3/ada/Adarrose/adarrose/Ada_Drivers_Library/repo/boards/stm32_common/stm32f429disco/stm32-board.adb:90:57" }
edge: { sourcename: "stm32__board__initialize_gyro_io" targetname: "stm32__gpio__gpio_pointsIP" label: "/home/silvanosky/epita/ing3/ada/Adarrose/adarrose/Ada_Drivers_Library/repo/boards/stm32_common/stm32f429disco/stm32-board.adb:90:57" }
edge: { sourcename: "stm32__board__initialize_gyro_io" targetname: "stm32__device__enable_clock__10" label: "/home/silvanosky/epita/ing3/ada/Adarrose/adarrose/Ada_Drivers_Library/repo/boards/stm32_common/stm32f429disco/stm32-board.adb:89:7" }
node: { title: "stm32__board__initialize_leds" label: "INITIALIZE_LEDS\n/home/silvanosky/epita/ing3/ada/Adarrose/adarrose/Ada_Drivers_Library/repo/boards/stm32_common/stm32f429disco/stm32-board.adb:70:4\n16 bytes (static)" }
edge: { sourcename: "stm32__board__initialize_leds" targetname: "stm32__gpio__configure_io__2" label: "/home/silvanosky/epita/ing3/ada/Adarrose/adarrose/Ada_Drivers_Library/repo/boards/stm32_common/stm32f429disco/stm32-board.adb:74:7" }
edge: { sourcename: "stm32__board__initialize_leds" targetname: "stm32__device__enable_clock__3" label: "/home/silvanosky/epita/ing3/ada/Adarrose/adarrose/Ada_Drivers_Library/repo/boards/stm32_common/stm32f429disco/stm32-board.adb:72:7" }
node: { title: "stm32__board__all_leds_on" label: "ALL_LEDS_ON\n/home/silvanosky/epita/ing3/ada/Adarrose/adarrose/Ada_Drivers_Library/repo/boards/stm32_common/stm32f429disco/stm32-board.adb:61:4\n16 bytes (static)" }
edge: { sourcename: "stm32__board__all_leds_on" targetname: "stm32__gpio__set__4" label: "/home/silvanosky/epita/ing3/ada/Adarrose/adarrose/Ada_Drivers_Library/repo/boards/stm32_common/stm32f429disco/stm32-board.adb:63:7" }
node: { title: "stm32__board__all_leds_off" label: "ALL_LEDS_OFF\n/home/silvanosky/epita/ing3/ada/Adarrose/adarrose/Ada_Drivers_Library/repo/boards/stm32_common/stm32f429disco/stm32-board.adb:52:4\n16 bytes (static)" }
edge: { sourcename: "stm32__board__all_leds_off" targetname: "stm32__gpio__clear__2" label: "/home/silvanosky/epita/ing3/ada/Adarrose/adarrose/Ada_Drivers_Library/repo/boards/stm32_common/stm32f429disco/stm32-board.adb:54:7" }
}
